E:\B306\2026\diansai\2026task\stm32\balanceBall\balanceBall\Core\Src\usart.c:39:6:MX_USART1_UART_Init	8	static
E:\B306\2026\diansai\2026task\stm32\balanceBall\balanceBall\Core\Src\usart.c:68:6:MX_USART2_UART_Init	8	static
E:\B306\2026\diansai\2026task\stm32\balanceBall\balanceBall\Core\Src\usart.c:97:6:MX_USART3_UART_Init	8	static
E:\B306\2026\diansai\2026task\stm32\balanceBall\balanceBall\Core\Src\usart.c:125:6:HAL_UART_MspInit	56	static
E:\B306\2026\diansai\2026task\stm32\balanceBall\balanceBall\Core\Src\usart.c:320:6:HAL_UART_MspDeInit	8	static
