Archive member included to satisfy reference by file (symbol)

E:/Softwares/ST/CLT/STM32CubeCLT_1.22.0/GNU-tools-for-STM32/bin/../lib/gcc/arm-none-eabi/14.3.1/../../../../arm-none-eabi/lib/thumb/v7-m/nofp\libm.a(libm_a-sf_round.o)
                              CMakeFiles/balanceBall.dir/App/Src/balance_motor.c.obj (roundf)
E:/Softwares/ST/CLT/STM32CubeCLT_1.22.0/GNU-tools-for-STM32/bin/../lib/gcc/arm-none-eabi/14.3.1/thumb/v7-m/nofp\libgcc.a(_arm_mulsf3.o)
                              CMakeFiles/balanceBall.dir/App/Src/balance_observer.c.obj (__aeabi_fmul)
E:/Softwares/ST/CLT/STM32CubeCLT_1.22.0/GNU-tools-for-STM32/bin/../lib/gcc/arm-none-eabi/14.3.1/thumb/v7-m/nofp\libgcc.a(_arm_addsubdf3.o)
                              CMakeFiles/balanceBall.dir/App/Src/balance_motor.c.obj (__aeabi_f2d)
E:/Softwares/ST/CLT/STM32CubeCLT_1.22.0/GNU-tools-for-STM32/bin/../lib/gcc/arm-none-eabi/14.3.1/thumb/v7-m/nofp\libgcc.a(_arm_cmpdf2.o)
                              CMakeFiles/balanceBall.dir/App/Src/balance_motor.c.obj (__aeabi_dcmpgt)
E:/Softwares/ST/CLT/STM32CubeCLT_1.22.0/GNU-tools-for-STM32/bin/../lib/gcc/arm-none-eabi/14.3.1/thumb/v7-m/nofp\libgcc.a(_arm_addsubsf3.o)
                              CMakeFiles/balanceBall.dir/App/Src/balance_observer.c.obj (__aeabi_fsub)
E:/Softwares/ST/CLT/STM32CubeCLT_1.22.0/GNU-tools-for-STM32/bin/../lib/gcc/arm-none-eabi/14.3.1/thumb/v7-m/nofp\libgcc.a(_arm_muldivsf3.o)
                              CMakeFiles/balanceBall.dir/App/Src/balance_observer.c.obj (__aeabi_fdiv)
E:/Softwares/ST/CLT/STM32CubeCLT_1.22.0/GNU-tools-for-STM32/bin/../lib/gcc/arm-none-eabi/14.3.1/thumb/v7-m/nofp\libgcc.a(_arm_cmpsf2.o)
                              CMakeFiles/balanceBall.dir/App/Src/balance_target.c.obj (__aeabi_fcmpeq)
E:/Softwares/ST/CLT/STM32CubeCLT_1.22.0/GNU-tools-for-STM32/bin/../lib/gcc/arm-none-eabi/14.3.1/thumb/v7-m/nofp\libgcc.a(_arm_unordsf2.o)
                              CMakeFiles/balanceBall.dir/App/Src/balance_measurement.c.obj (__aeabi_fcmpun)
E:/Softwares/ST/CLT/STM32CubeCLT_1.22.0/GNU-tools-for-STM32/bin/../lib/gcc/arm-none-eabi/14.3.1/thumb/v7-m/nofp\libgcc.a(_arm_fixsfsi.o)
                              CMakeFiles/balanceBall.dir/App/Src/balance_motor.c.obj (__aeabi_f2iz)
E:/Softwares/ST/CLT/STM32CubeCLT_1.22.0/GNU-tools-for-STM32/bin/../lib/gcc/arm-none-eabi/14.3.1/thumb/v7-m/nofp\libgcc.a(_arm_fixunssfsi.o)
                              CMakeFiles/balanceBall.dir/App/Src/balance_motor.c.obj (__aeabi_f2uiz)
E:/Softwares/ST/CLT/STM32CubeCLT_1.22.0/GNU-tools-for-STM32/bin/../lib/gcc/arm-none-eabi/14.3.1/../../../../arm-none-eabi/lib/thumb/v7-m/nofp\libg_nano.a(libc_a-atoi.o)
                              CMakeFiles/balanceBall.dir/App/Src/debug_cli.c.obj (atoi)
E:/Softwares/ST/CLT/STM32CubeCLT_1.22.0/GNU-tools-for-STM32/bin/../lib/gcc/arm-none-eabi/14.3.1/../../../../arm-none-eabi/lib/thumb/v7-m/nofp\libg_nano.a(libc_a-exit.o)
                              E:/Softwares/ST/CLT/STM32CubeCLT_1.22.0/GNU-tools-for-STM32/bin/../lib/gcc/arm-none-eabi/14.3.1/../../../../arm-none-eabi/lib/thumb/v7-m/nofp/crt0.o (exit)
E:/Softwares/ST/CLT/STM32CubeCLT_1.22.0/GNU-tools-for-STM32/bin/../lib/gcc/arm-none-eabi/14.3.1/../../../../arm-none-eabi/lib/thumb/v7-m/nofp\libg_nano.a(libc_a-strtol.o)
                              E:/Softwares/ST/CLT/STM32CubeCLT_1.22.0/GNU-tools-for-STM32/bin/../lib/gcc/arm-none-eabi/14.3.1/../../../../arm-none-eabi/lib/thumb/v7-m/nofp\libg_nano.a(libc_a-atoi.o) (_strtol_r)
E:/Softwares/ST/CLT/STM32CubeCLT_1.22.0/GNU-tools-for-STM32/bin/../lib/gcc/arm-none-eabi/14.3.1/../../../../arm-none-eabi/lib/thumb/v7-m/nofp\libg_nano.a(libc_a-ctype_.o)
                              CMakeFiles/balanceBall.dir/App/Src/debug_cli.c.obj (_ctype_)
E:/Softwares/ST/CLT/STM32CubeCLT_1.22.0/GNU-tools-for-STM32/bin/../lib/gcc/arm-none-eabi/14.3.1/../../../../arm-none-eabi/lib/thumb/v7-m/nofp\libg_nano.a(libc_a-findfp.o)
                              E:/Softwares/ST/CLT/STM32CubeCLT_1.22.0/GNU-tools-for-STM32/bin/../lib/gcc/arm-none-eabi/14.3.1/../../../../arm-none-eabi/lib/thumb/v7-m/nofp\libg_nano.a(libc_a-exit.o) (__stdio_exit_handler)
E:/Softwares/ST/CLT/STM32CubeCLT_1.22.0/GNU-tools-for-STM32/bin/../lib/gcc/arm-none-eabi/14.3.1/../../../../arm-none-eabi/lib/thumb/v7-m/nofp\libg_nano.a(libc_a-fwalk.o)
                              E:/Softwares/ST/CLT/STM32CubeCLT_1.22.0/GNU-tools-for-STM32/bin/../lib/gcc/arm-none-eabi/14.3.1/../../../../arm-none-eabi/lib/thumb/v7-m/nofp\libg_nano.a(libc_a-findfp.o) (_fwalk_sglue)
E:/Softwares/ST/CLT/STM32CubeCLT_1.22.0/GNU-tools-for-STM32/bin/../lib/gcc/arm-none-eabi/14.3.1/../../../../arm-none-eabi/lib/thumb/v7-m/nofp\libg_nano.a(libc_a-stdio.o)
                              E:/Softwares/ST/CLT/STM32CubeCLT_1.22.0/GNU-tools-for-STM32/bin/../lib/gcc/arm-none-eabi/14.3.1/../../../../arm-none-eabi/lib/thumb/v7-m/nofp\libg_nano.a(libc_a-findfp.o) (__sread)
[...]
Memory Configuration

Name             Origin             Length             Attributes
RAM              0x20000000         0x00005000         xrw
FLASH            0x08000000         0x00010000         xr
*default*        0x00000000         0xffffffff

Linker script and memory map

LOAD E:/Softwares/ST/CLT/STM32CubeCLT_1.22.0/GNU-tools-for-STM32/bin/../lib/gcc/arm-none-eabi/14.3.1/thumb/v7-m/nofp/crti.o
LOAD E:/Softwares/ST/CLT/STM32CubeCLT_1.22.0/GNU-tools-for-STM32/bin/../lib/gcc/arm-none-eabi/14.3.1/thumb/v7-m/nofp/crtbegin.o
LOAD E:/Softwares/ST/CLT/STM32CubeCLT_1.22.0/GNU-tools-for-STM32/bin/../lib/gcc/arm-none-eabi/14.3.1/../../../../arm-none-eabi/lib/thumb/v7-m/nofp/crt0.o
LOAD CMakeFiles/balanceBall.dir/Core/Src/main.c.obj
LOAD CMakeFiles/balanceBall.dir/Core/Src/gpio.c.obj
LOAD CMakeFiles/balanceBall.dir/Core/Src/dma.c.obj
LOAD CMakeFiles/balanceBall.dir/Core/Src/usart.c.obj
LOAD CMakeFiles/balanceBall.dir/Core/Src/stm32f1xx_it.c.obj
LOAD CMakeFiles/balanceBall.dir/Core/Src/stm32f1xx_hal_msp.c.obj
LOAD CMakeFiles/balanceBall.dir/Core/Src/sysmem.c.obj
LOAD CMakeFiles/balanceBall.dir/Core/Src/syscalls.c.obj
LOAD CMakeFiles/balanceBall.dir/startup_stm32f103xb.s.obj
LOAD CMakeFiles/balanceBall.dir/App/Src/balance_observer.c.obj
LOAD CMakeFiles/balanceBall.dir/App/Src/balance_target.c.obj
LOAD CMakeFiles/balanceBall.dir/App/Src/balance_controller.c.obj
LOAD CMakeFiles/balanceBall.dir/App/Src/balance_actuator.c.obj
LOAD CMakeFiles/balanceBall.dir/App/Src/balance_measurement.c.obj
LOAD CMakeFiles/balanceBall.dir/App/Src/balance_supervisor.c.obj
LOAD CMakeFiles/balanceBall.dir/App/Src/balance_loop.c.obj
LOAD CMakeFiles/balanceBall.dir/App/Src/emm_v5_protocol.c.obj
LOAD CMakeFiles/balanceBall.dir/App/Src/balance_motor.c.obj
LOAD CMakeFiles/balanceBall.dir/App/Src/emm_v5_uart.c.obj
LOAD CMakeFiles/balanceBall.dir/App/Src/debug_cli.c.obj
LOAD cmake/stm32cubemx/CMakeFiles/STM32_Drivers.dir/__/__/Core/Src/system_stm32f1xx.c.obj
LOAD cmake/stm32cubemx/CMakeFiles/STM32_Drivers.dir/__/__/Drivers/STM32F1xx_HAL_Driver/Src/stm32f1xx_hal_gpio_ex.c.obj
LOAD cmake/stm32cubemx/CMakeFiles/STM32_Drivers.dir/__/__/Drivers/STM32F1xx_HAL_Driver/Src/stm32f1xx_hal_uart.c.obj
LOAD cmake/stm32cubemx/CMakeFiles/STM32_Drivers.dir/__/__/Drivers/STM32F1xx_HAL_Driver/Src/stm32f1xx_hal.c.obj
LOAD cmake/stm32cubemx/CMakeFiles/STM32_Drivers.dir/__/__/Drivers/STM32F1xx_HAL_Driver/Src/stm32f1xx_hal_rcc.c.obj
LOAD cmake/stm32cubemx/CMakeFiles/STM32_Drivers.dir/__/__/Drivers/STM32F1xx_HAL_Driver/Src/stm32f1xx_hal_rcc_ex.c.obj
LOAD cmake/stm32cubemx/CMakeFiles/STM32_Drivers.dir/__/__/Drivers/STM32F1xx_HAL_Driver/Src/stm32f1xx_hal_gpio.c.obj
LOAD cmake/stm32cubemx/CMakeFiles/STM32_Drivers.dir/__/__/Drivers/STM32F1xx_HAL_Driver/Src/stm32f1xx_hal_dma.c.obj
LOAD cmake/stm32cubemx/CMakeFiles/STM32_Drivers.dir/__/__/Drivers/STM32F1xx_HAL_Driver/Src/stm32f1xx_hal_cortex.c.obj
LOAD cmake/stm32cubemx/CMakeFiles/STM32_Drivers.dir/__/__/Drivers/STM32F1xx_HAL_Driver/Src/stm32f1xx_hal_pwr.c.obj
LOAD cmake/stm32cubemx/CMakeFiles/STM32_Drivers.dir/__/__/Drivers/STM32F1xx_HAL_Driver/Src/stm32f1xx_hal_flash.c.obj
LOAD cmake/stm32cubemx/CMakeFiles/STM32_Drivers.dir/__/__/Drivers/STM32F1xx_HAL_Driver/Src/stm32f1xx_hal_flash_ex.c.obj
LOAD cmake/stm32cubemx/CMakeFiles/STM32_Drivers.dir/__/__/Drivers/STM32F1xx_HAL_Driver/Src/stm32f1xx_hal_exti.c.obj
LOAD E:/Softwares/ST/CLT/STM32CubeCLT_1.22.0/GNU-tools-for-STM32/bin/../lib/gcc/arm-none-eabi/14.3.1/../../../../arm-none-eabi/lib/thumb/v7-m/nofp\libm.a
START GROUP
LOAD E:/Softwares/ST/CLT/STM32CubeCLT_1.22.0/GNU-tools-for-STM32/bin/../lib/gcc/arm-none-eabi/14.3.1/thumb/v7-m/nofp\libgcc.a
LOAD E:/Softwares/ST/CLT/STM32CubeCLT_1.22.0/GNU-tools-for-STM32/bin/../lib/gcc/arm-none-eabi/14.3.1/../../../../arm-none-eabi/lib/thumb/v7-m/nofp\libg_nano.a
LOAD E:/Softwares/ST/CLT/STM32CubeCLT_1.22.0/GNU-tools-for-STM32/bin/../lib/gcc/arm-none-eabi/14.3.1/../../../../arm-none-eabi/lib/thumb/v7-m/nofp\libc_nano.a
END GROUP
START GROUP
LOAD E:/Softwares/ST/CLT/STM32CubeCLT_1.22.0/GNU-tools-for-STM32/bin/../lib/gcc/arm-none-eabi/14.3.1/thumb/v7-m/nofp\libgcc.a
LOAD E:/Softwares/ST/CLT/STM32CubeCLT_1.22.0/GNU-tools-for-STM32/bin/../lib/gcc/arm-none-eabi/14.3.1/../../../../arm-none-eabi/lib/thumb/v7-m/nofp\libc_nano.a
END GROUP
LOAD E:/Softwares/ST/CLT/STM32CubeCLT_1.22.0/GNU-tools-for-STM32/bin/../lib/gcc/arm-none-eabi/14.3.1/thumb/v7-m/nofp/crtend.o
LOAD E:/Softwares/ST/CLT/STM32CubeCLT_1.22.0/GNU-tools-for-STM32/bin/../lib/gcc/arm-none-eabi/14.3.1/thumb/v7-m/nofp/crtn.o
                0x20005000                        _estack = (ORIGIN (RAM) + LENGTH (RAM))
                0x20004c00                        _sstack = (_estack - _Min_Stack_Size)
                0x00000200                        _Min_Heap_Size = 0x200
                0x00000400                        _Min_Stack_Size = 0x400

.isr_vector     0x08000000      0x10c
                0x08000000                        . = ALIGN (0x4)
 *(.isr_vector)
 .isr_vector    0x08000000      0x10c CMakeFiles/balanceBall.dir/startup_stm32f103xb.s.obj
                0x08000000                g_pfnVectors
                0x0800010c                        . = ALIGN (0x4)

.text           0x08000110     0x4110
                0x08000110                        . = ALIGN (0x4)
 *(.text)
 .text          0x08000110       0x40 E:/Softwares/ST/CLT/STM32CubeCLT_1.22.0/GNU-tools-for-STM32/bin/../lib/gcc/arm-none-eabi/14.3.1/thumb/v7-m/nofp/crtbegin.o
 .text          0x08000150      0x378 E:/Softwares/ST/CLT/STM32CubeCLT_1.22.0/GNU-tools-for-STM32/bin/../lib/gcc/arm-none-eabi/14.3.1/thumb/v7-m/nofp\libgcc.a(_arm_addsubdf3.o)
                0x08000150                __aeabi_drsub
                0x08000158                __aeabi_dsub
                0x08000158                __subdf3
                0x0800015c                __aeabi_dadd
                0x0800015c                __adddf3
                0x080003d4                __floatunsidf
                0x080003d4                __aeabi_ui2d
                0x080003f4                __floatsidf
                0x080003f4                __aeabi_i2d
                0x08000418                __aeabi_f2d
                0x08000418                __extendsfdf2
                0x0800045c                __floatundidf
                0x0800045c                __aeabi_ul2d
                0x0800046c                __floatdidf
                0x0800046c                __aeabi_l2d
 .text          0x080004c8      0x110 E:/Softwares/ST/CLT/STM32CubeCLT_1.22.0/GNU-tools-for-STM32/bin/../lib/gcc/arm-none-eabi/14.3.1/thumb/v7-m/nofp\libgcc.a(_arm_cmpdf2.o)
                0x080004c8                __gtdf2
                0x080004c8                __gedf2
                0x080004d0                __ltdf2
                0x080004d0                __ledf2
                0x080004d8                __nedf2
                0x080004d8                __eqdf2
                0x080004d8                __cmpdf2
                0x08000554                __aeabi_cdrcmple
                0x08000564                __aeabi_cdcmpeq
                0x08000564                __aeabi_cdcmple
                0x08000574                __aeabi_dcmpeq
                0x08000588                __aeabi_dcmplt
                0x0800059c                __aeabi_dcmple
                0x080005b0                __aeabi_dcmpge
                0x080005c4                __aeabi_dcmpgt
 .text          0x080005d8      0x21c E:/Softwares/ST/CLT/STM32CubeCLT_1.22.0/GNU-tools-for-STM32/bin/../lib/gcc/arm-none-eabi/14.3.1/thumb/v7-m/nofp\libgcc.a(_arm_addsubsf3.o)
                0x080005d8                __aeabi_frsub
                0x080005e0                __subsf3
                0x080005e0                __aeabi_fsub
                0x080005e4                __aeabi_fadd
                0x080005e4                __addsf3
                0x08000744                __aeabi_ui2f
                0x08000744                __floatunsisf
                0x0800074c                __aeabi_i2f
                0x0800074c                __floatsisf
                0x08000768                __aeabi_ul2f
                0x08000768                __floatundisf
                0x08000778                __aeabi_l2f
                0x08000778                __floatdisf
 .text          0x080007f4      0x2a0 E:/Softwares/ST/CLT/STM32CubeCLT_1.22.0/GNU-tools-for-STM32/bin/../lib/gcc/arm-none-eabi/14.3.1/thumb/v7-m/nofp\libgcc.a(_arm_muldivsf3.o)
                0x080007f4                __mulsf3
                0x080007f4                __aeabi_fmul
                0x0800095c                __aeabi_fdiv
                0x0800095c                __divsf3
 .text          0x08000a94       0xec E:/Softwares/ST/CLT/STM32CubeCLT_1.22.0/GNU-tools-for-STM32/bin/../lib/gcc/arm-none-eabi/14.3.1/thumb/v7-m/nofp\libgcc.a(_arm_cmpsf2.o)
                0x08000a94                __gesf2
                0x08000a94                __gtsf2
                0x08000a9c                __lesf2
                0x08000a9c                __ltsf2
                0x08000aa4                __nesf2
                0x08000aa4                __eqsf2
                0x08000aa4                __cmpsf2
                0x08000b04                __aeabi_cfrcmple
                0x08000b0c                __aeabi_cfcmpeq
                0x08000b0c                __aeabi_cfcmple
                0x08000b1c                __aeabi_fcmpeq
                0x08000b30                __aeabi_fcmplt
                0x08000b44                __aeabi_fcmple
                0x08000b58                __aeabi_fcmpge
                0x08000b6c                __aeabi_fcmpgt
 .text          0x08000b80       0x2c E:/Softwares/ST/CLT/STM32CubeCLT_1.22.0/GNU-tools-for-STM32/bin/../lib/gcc/arm-none-eabi/14.3.1/thumb/v7-m/nofp\libgcc.a(_arm_unordsf2.o)
                0x08000b80                __unordsf2
                0x08000b80                __aeabi_fcmpun
 .text          0x08000bac       0x4c E:/Softwares/ST/CLT/STM32CubeCLT_1.22.0/GNU-tools-for-STM32/bin/../lib/gcc/arm-none-eabi/14.3.1/thumb/v7-m/nofp\libgcc.a(_arm_fixsfsi.o)
                0x08000bac                __aeabi_f2iz
                0x08000bac                __fixsfsi
 .text          0x08000bf8       0x40 E:/Softwares/ST/CLT/STM32CubeCLT_1.22.0/GNU-tools-for-STM32/bin/../lib/gcc/arm-none-eabi/14.3.1/thumb/v7-m/nofp\libgcc.a(_arm_fixunssfsi.o)
                0x08000bf8                __fixunssfsi
                0x08000bf8                __aeabi_f2uiz
 .text          0x08000c38       0x14 E:/Softwares/ST/CLT/STM32CubeCLT_1.22.0/GNU-tools-for-STM32/bin/../lib/gcc/arm-none-eabi/14.3.1/../../../../arm-none-eabi/lib/thumb/v7-m/nofp\libg_nano.a(libc_a-strcmp.o)
                0x08000c38                strcmp
 *(.text*)
 .text.SystemClock_Config
                0x08000c4c       0x5e CMakeFiles/balanceBall.dir/Core/Src/main.c.obj
                0x08000c4c                SystemClock_Config
 *fill*         0x08000caa        0x2 
 .text.startup.main
                0x08000cac      0x128 CMakeFiles/balanceBall.dir/Core/Src/main.c.obj
                0x08000cac                main
 .text.HAL_UART_TxCpltCallback
                0x08000dd4       0x18 CMakeFiles/balanceBall.dir/Core/Src/main.c.obj
                0x08000dd4                HAL_UART_TxCpltCallback
 .text.HAL_UARTEx_RxEventCallback
                0x08000dec       0x54 CMakeFiles/balanceBall.dir/Core/Src/main.c.obj
                0x08000dec                HAL_UARTEx_RxEventCallback
 .text.HAL_UART_ErrorCallback
                0x08000e40       0x4c CMakeFiles/balanceBall.dir/Core/Src/main.c.obj
                0x08000e40                HAL_UART_ErrorCallback
 .text.Error_Handler
                0x08000e8c        0x4 CMakeFiles/balanceBall.dir/Core/Src/main.c.obj
                0x08000e8c                Error_Handler
 .text.MX_GPIO_Init
                0x08000e90       0x44 CMakeFiles/balanceBall.dir/Core/Src/gpio.c.obj
                0x08000e90                MX_GPIO_Init
 .text.MX_DMA_Init
                0x08000ed4       0x80 CMakeFiles/balanceBall.dir/Core/Src/dma.c.obj
                0x08000ed4                MX_DMA_Init
 .text.MX_USART1_UART_Init
                0x08000f54       0x38 CMakeFiles/balanceBall.dir/Core/Src/usart.c.obj
                0x08000f54                MX_USART1_UART_Init
 .text.MX_USART2_UART_Init
                0x08000f8c       0x38 CMakeFiles/balanceBall.dir/Core/Src/usart.c.obj
                0x08000f8c                MX_USART2_UART_Init
 .text.MX_USART3_UART_Init
                0x08000fc4       0x38 CMakeFiles/balanceBall.dir/Core/Src/usart.c.obj
                0x08000fc4                MX_USART3_UART_Init
 .text.HAL_UART_MspInit
                0x08000ffc      0x278 CMakeFiles/balanceBall.dir/Core/Src/usart.c.obj
                0x08000ffc                HAL_UART_MspInit
 .text.NMI_Handler
                0x08001274        0x2 CMakeFiles/balanceBall.dir/Core/Src/stm32f1xx_it.c.obj
                0x08001274                NMI_Handler
 .text.HardFault_Handler
                0x08001276        0x2 CMakeFiles/balanceBall.dir/Core/Src/stm32f1xx_it.c.obj
                0x08001276                HardFault_Handler
 .text.MemManage_Handler
                0x08001278        0x2 CMakeFiles/balanceBall.dir/Core/Src/stm32f1xx_it.c.obj
                0x08001278                MemManage_Handler
 .text.BusFault_Handler
                0x0800127a        0x2 CMakeFiles/balanceBall.dir/Core/Src/stm32f1xx_it.c.obj
                0x0800127a                BusFault_Handler
 .text.UsageFault_Handler
                0x0800127c        0x2 CMakeFiles/balanceBall.dir/Core/Src/stm32f1xx_it.c.obj
                0x0800127c                UsageFault_Handler
 .text.SVC_Handler
                0x0800127e        0x2 CMakeFiles/balanceBall.dir/Core/Src/stm32f1xx_it.c.obj
                0x0800127e                SVC_Handler
 .text.DebugMon_Handler
                0x08001280        0x2 CMakeFiles/balanceBall.dir/Core/Src/stm32f1xx_it.c.obj
                0x08001280                DebugMon_Handler
 .text.PendSV_Handler
                0x08001282        0x2 CMakeFiles/balanceBall.dir/Core/Src/stm32f1xx_it.c.obj
                0x08001282                PendSV_Handler
 .text.SysTick_Handler
                0x08001284        0x4 CMakeFiles/balanceBall.dir/Core/Src/stm32f1xx_it.c.obj
                0x08001284                SysTick_Handler
 .text.DMA1_Channel2_IRQHandler
                0x08001288        0xc CMakeFiles/balanceBall.dir/Core/Src/stm32f1xx_it.c.obj
                0x08001288                DMA1_Channel2_IRQHandler
 .text.DMA1_Channel3_IRQHandler
                0x08001294        0xc CMakeFiles/balanceBall.dir/Core/Src/stm32f1xx_it.c.obj
                0x08001294                DMA1_Channel3_IRQHandler
 .text.DMA1_Channel4_IRQHandler
                0x080012a0        0xc CMakeFiles/balanceBall.dir/Core/Src/stm32f1xx_it.c.obj
                0x080012a0                DMA1_Channel4_IRQHandler
 .text.DMA1_Channel5_IRQHandler
                0x080012ac        0xc CMakeFiles/balanceBall.dir/Core/Src/stm32f1xx_it.c.obj
                0x080012ac                DMA1_Channel5_IRQHandler
 .text.DMA1_Channel6_IRQHandler
                0x080012b8        0xc CMakeFiles/balanceBall.dir/Core/Src/stm32f1xx_it.c.obj
                0x080012b8                DMA1_Channel6_IRQHandler
 .text.DMA1_Channel7_IRQHandler
                0x080012c4        0xc CMakeFiles/balanceBall.dir/Core/Src/stm32f1xx_it.c.obj
                0x080012c4                DMA1_Channel7_IRQHandler
 .text.USART1_IRQHandler
                0x080012d0        0xc CMakeFiles/balanceBall.dir/Core/Src/stm32f1xx_it.c.obj
                0x080012d0                USART1_IRQHandler
 .text.USART2_IRQHandler
                0x080012dc        0xc CMakeFiles/balanceBall.dir/Core/Src/stm32f1xx_it.c.obj
                0x080012dc                USART2_IRQHandler
 .text.USART3_IRQHandler
                0x080012e8        0xc CMakeFiles/balanceBall.dir/Core/Src/stm32f1xx_it.c.obj
                0x080012e8                USART3_IRQHandler
 .text.HAL_MspInit
                0x080012f4       0x44 CMakeFiles/balanceBall.dir/Core/Src/stm32f1xx_hal_msp.c.obj
                0x080012f4                HAL_MspInit
 .text._sbrk    0x08001338       0x3c CMakeFiles/balanceBall.dir/Core/Src/sysmem.c.obj
                0x08001338                _sbrk
 .text.Reset_Handler
                0x08001374       0x48 CMakeFiles/balanceBall.dir/startup_stm32f103xb.s.obj
                0x08001374                Reset_Handler
 .text.Default_Handler
                0x080013bc        0x2 CMakeFiles/balanceBall.dir/startup_stm32f103xb.s.obj
                0x080013bc                RTC_Alarm_IRQHandler
                0x080013bc                EXTI2_IRQHandler
                0x080013bc                TIM1_CC_IRQHandler
                0x080013bc                PVD_IRQHandler
                0x080013bc                EXTI3_IRQHandler
                0x080013bc                EXTI0_IRQHandler
                0x080013bc                I2C2_EV_IRQHandler
                0x080013bc                ADC1_2_IRQHandler
                0x080013bc                SPI1_IRQHandler
                0x080013bc                TAMPER_IRQHandler
                0x080013bc                RTC_IRQHandler
                0x080013bc                CAN1_RX1_IRQHandler
                0x080013bc                TIM4_IRQHandler
                0x080013bc                I2C1_EV_IRQHandler
                0x080013bc                TIM3_IRQHandler
                0x080013bc                RCC_IRQHandler
                0x080013bc                TIM1_TRG_COM_IRQHandler
                0x080013bc                DMA1_Channel1_IRQHandler
                0x080013bc                Default_Handler
                0x080013bc                EXTI15_10_IRQHandler
                0x080013bc                EXTI9_5_IRQHandler
                0x080013bc                SPI2_IRQHandler
                0x080013bc                EXTI4_IRQHandler
                0x080013bc                USB_LP_CAN1_RX0_IRQHandler
                0x080013bc                USB_HP_CAN1_TX_IRQHandler
                0x080013bc                TIM1_UP_IRQHandler
                0x080013bc                WWDG_IRQHandler
                0x080013bc                TIM2_IRQHandler
                0x080013bc                TIM1_BRK_IRQHandler
                0x080013bc                EXTI1_IRQHandler
                0x080013bc                I2C2_ER_IRQHandler
                0x080013bc                CAN1_SCE_IRQHandler
                0x080013bc                FLASH_IRQHandler
                0x080013bc                I2C1_ER_IRQHandler
                0x080013bc                USBWakeUp_IRQHandler
 .text.builder_u8
                0x080013be       0x10 CMakeFiles/balanceBall.dir/App/Src/emm_v5_protocol.c.obj
 .text.builder_u16_be
                0x080013ce       0x14 CMakeFiles/balanceBall.dir/App/Src/emm_v5_protocol.c.obj
 .text.builder_u32_be
                0x080013e2       0x24 CMakeFiles/balanceBall.dir/App/Src/emm_v5_protocol.c.obj
 .text.read_u32_be
                0x08001406        0x6 CMakeFiles/balanceBall.dir/App/Src/emm_v5_protocol.c.obj
 .text.begin_addressed
                0x0800140c       0x2c CMakeFiles/balanceBall.dir/App/Src/emm_v5_protocol.c.obj
 .text.validate_response
                0x08001438       0x32 CMakeFiles/balanceBall.dir/App/Src/emm_v5_protocol.c.obj
 .text.builder_finish.isra.0
                0x0800146a       0x10 CMakeFiles/balanceBall.dir/App/Src/emm_v5_protocol.c.obj
 .text.encode_query
                0x0800147a       0x24 CMakeFiles/balanceBall.dir/App/Src/emm_v5_protocol.c.obj
 .text.emm_v5_encode_enable
                0x0800149e       0x3a CMakeFiles/balanceBall.dir/App/Src/emm_v5_protocol.c.obj
                0x0800149e                emm_v5_encode_enable
 .text.emm_v5_encode_velocity
                0x080014d8       0x54 CMakeFiles/balanceBall.dir/App/Src/emm_v5_protocol.c.obj
                0x080014d8                emm_v5_encode_velocity
 .text.emm_v5_encode_position
                0x0800152c       0x5c CMakeFiles/balanceBall.dir/App/Src/emm_v5_protocol.c.obj
                0x0800152c                emm_v5_encode_position
 .text.emm_v5_encode_position_query
                0x08001588        0x8 CMakeFiles/balanceBall.dir/App/Src/emm_v5_protocol.c.obj
                0x08001588                emm_v5_encode_position_query
 .text.emm_v5_encode_stop
                0x08001590       0x30 CMakeFiles/balanceBall.dir/App/Src/emm_v5_protocol.c.obj
                0x08001590                emm_v5_encode_stop
 .text.emm_v5_parse_ack
                0x080015c0       0x40 CMakeFiles/balanceBall.dir/App/Src/emm_v5_protocol.c.obj
                0x080015c0                emm_v5_parse_ack
 .text.emm_v5_parse_position
                0x08001600       0x3e CMakeFiles/balanceBall.dir/App/Src/emm_v5_protocol.c.obj
                0x08001600                emm_v5_parse_position
 .text.record_failure
                0x0800163e       0x2e CMakeFiles/balanceBall.dir/App/Src/balance_motor.c.obj
 .text.send_frame
                0x0800166c       0x66 CMakeFiles/balanceBall.dir/App/Src/balance_motor.c.obj
 .text.encode_priority
                0x080016d2       0x70 CMakeFiles/balanceBall.dir/App/Src/balance_motor.c.obj
 *fill*         0x08001742        0x2 
 .text.balance_motor_init
                0x08001744       0x70 CMakeFiles/balanceBall.dir/App/Src/balance_motor.c.obj
                0x08001744                balance_motor_init
 .text.balance_motor_request_zero
                0x080017b4       0x60 CMakeFiles/balanceBall.dir/App/Src/balance_motor.c.obj
                0x080017b4                balance_motor_request_zero
 *fill*         0x08001814        0x4 
 .text.balance_motor_submit
                0x08001818      0x204 CMakeFiles/balanceBall.dir/App/Src/balance_motor.c.obj
                0x08001818                balance_motor_submit
 .text.balance_motor_stop
                0x08001a1c        0x6 CMakeFiles/balanceBall.dir/App/Src/balance_motor.c.obj
                0x08001a1c                balance_motor_stop
 .text.balance_motor_disable
                0x08001a22        0x6 CMakeFiles/balanceBall.dir/App/Src/balance_motor.c.obj
                0x08001a22                balance_motor_disable
 .text.balance_motor_on_response
                0x08001a28       0x74 CMakeFiles/balanceBall.dir/App/Src/balance_motor.c.obj
                0x08001a28                balance_motor_on_response
 .text.balance_motor_on_transport_error
                0x08001a9c       0x26 CMakeFiles/balanceBall.dir/App/Src/balance_motor.c.obj
                0x08001a9c                balance_motor_on_transport_error
 .text.balance_motor_process
                0x08001ac2       0x20 CMakeFiles/balanceBall.dir/App/Src/balance_motor.c.obj
                0x08001ac2                balance_motor_process
 .text.balance_motor_has_zero
                0x08001ae2       0x14 CMakeFiles/balanceBall.dir/App/Src/balance_motor.c.obj
                0x08001ae2                balance_motor_has_zero
 .text.latch_terminal
                0x08001af6       0x38 CMakeFiles/balanceBall.dir/App/Src/emm_v5_uart.c.obj
 .text.abort_receive
                0x08001b2e       0x28 CMakeFiles/balanceBall.dir/App/Src/emm_v5_uart.c.obj
 .text.emm_v5_uart_init
                0x08001b56       0x18 CMakeFiles/balanceBall.dir/App/Src/emm_v5_uart.c.obj
                0x08001b56                emm_v5_uart_init
 .text.emm_v5_uart_send
                0x08001b6e      0x11e CMakeFiles/balanceBall.dir/App/Src/emm_v5_uart.c.obj
                0x08001b6e                emm_v5_uart_send
 .text.emm_v5_uart_poll
                0x08001c8c      0x11e CMakeFiles/balanceBall.dir/App/Src/emm_v5_uart.c.obj
                0x08001c8c                emm_v5_uart_poll
 .text.emm_v5_uart_take_result
                0x08001daa       0x2a CMakeFiles/balanceBall.dir/App/Src/emm_v5_uart.c.obj
                0x08001daa                emm_v5_uart_take_result
 .text.emm_v5_uart_on_tx_complete
                0x08001dd4       0x10 CMakeFiles/balanceBall.dir/App/Src/emm_v5_uart.c.obj
                0x08001dd4                emm_v5_uart_on_tx_complete
 .text.emm_v5_uart_on_rx_event
                0x08001de4       0x12 CMakeFiles/balanceBall.dir/App/Src/emm_v5_uart.c.obj
                0x08001de4                emm_v5_uart_on_rx_event
 .text.emm_v5_uart_on_error
                0x08001df6       0x10 CMakeFiles/balanceBall.dir/App/Src/emm_v5_uart.c.obj
                0x08001df6                emm_v5_uart_on_error
 .text.debug_cli_init
                0x08001e06        0x4 CMakeFiles/balanceBall.dir/App/Src/debug_cli.c.obj
                0x08001e06                debug_cli_init
 .text.debug_cli_printf
                0x08001e0a       0x3a CMakeFiles/balanceBall.dir/App/Src/debug_cli.c.obj
                0x08001e0a                debug_cli_printf
 .text.cmd_help
                0x08001e44        0xc CMakeFiles/balanceBall.dir/App/Src/debug_cli.c.obj
 .text.cmd_status
                0x08001e50       0x5c CMakeFiles/balanceBall.dir/App/Src/debug_cli.c.obj
 .text.cmd_zero
                0x08001eac       0x34 CMakeFiles/balanceBall.dir/App/Src/debug_cli.c.obj
 .text.cmd_query
                0x08001ee0       0x60 CMakeFiles/balanceBall.dir/App/Src/debug_cli.c.obj
 .text.cmd_stop
                0x08001f40       0x34 CMakeFiles/balanceBall.dir/App/Src/debug_cli.c.obj
 .text.cmd_vel  0x08001f74       0xd0 CMakeFiles/balanceBall.dir/App/Src/debug_cli.c.obj
 .text.cmd_pos  0x08002044      0x108 CMakeFiles/balanceBall.dir/App/Src/debug_cli.c.obj
 .text.cmd_disable
                0x0800214c       0x34 CMakeFiles/balanceBall.dir/App/Src/debug_cli.c.obj
 .text.cmd_enable
                0x08002180       0x64 CMakeFiles/balanceBall.dir/App/Src/debug_cli.c.obj
 .text.debug_cli_process_line
                0x080021e4       0xd8 CMakeFiles/balanceBall.dir/App/Src/debug_cli.c.obj
                0x080021e4                debug_cli_process_line
 .text.SystemInit
                0x080022bc        0x2 cmake/stm32cubemx/CMakeFiles/STM32_Drivers.dir/__/__/Core/Src/system_stm32f1xx.c.obj
                0x080022bc                SystemInit
 .text.UART_EndRxTransfer
                0x080022be       0x5c cmake/stm32cubemx/CMakeFiles/STM32_Drivers.dir/__/__/Drivers/STM32F1xx_HAL_Driver/Src/stm32f1xx_hal_uart.c.obj
 *fill*         0x0800231a        0x2 
 .text.UART_SetConfig
                0x0800231c       0x74 cmake/stm32cubemx/CMakeFiles/STM32_Drivers.dir/__/__/Drivers/STM32F1xx_HAL_Driver/Src/stm32f1xx_hal_uart.c.obj
 .text.UART_WaitOnFlagUntilTimeout.constprop.0
                0x08002390       0x64 cmake/stm32cubemx/CMakeFiles/STM32_Drivers.dir/__/__/Drivers/STM32F1xx_HAL_Driver/Src/stm32f1xx_hal_uart.c.obj
 .text.HAL_UART_Init
                0x080023f4       0x5e cmake/stm32cubemx/CMakeFiles/STM32_Drivers.dir/__/__/Drivers/STM32F1xx_HAL_Driver/Src/stm32f1xx_hal_uart.c.obj
                0x080023f4                HAL_UART_Init
 .text.HAL_UART_Transmit
                0x08002452       0x9c cmake/stm32cubemx/CMakeFiles/STM32_Drivers.dir/__/__/Drivers/STM32F1xx_HAL_Driver/Src/stm32f1xx_hal_uart.c.obj
                0x08002452                HAL_UART_Transmit
 *fill*         0x080024ee        0x2 
 .text.HAL_UART_Transmit_DMA
                0x080024f0       0x74 cmake/stm32cubemx/CMakeFiles/STM32_Drivers.dir/__/__/Drivers/STM32F1xx_HAL_Driver/Src/stm32f1xx_hal_uart.c.obj
                0x080024f0                HAL_UART_Transmit_DMA
 .text.HAL_UART_AbortTransmit
                0x08002564       0x66 cmake/stm32cubemx/CMakeFiles/STM32_Drivers.dir/__/__/Drivers/STM32F1xx_HAL_Driver/Src/stm32f1xx_hal_uart.c.obj
                0x08002564                HAL_UART_AbortTransmit
 .text.HAL_UART_AbortReceive
                0x080025ca       0x9e cmake/stm32cubemx/CMakeFiles/STM32_Drivers.dir/__/__/Drivers/STM32F1xx_HAL_Driver/Src/stm32f1xx_hal_uart.c.obj
                0x080025ca                HAL_UART_AbortReceive
 .text.UART_DMATransmitCplt
                0x08002668       0x4c cmake/stm32cubemx/CMakeFiles/STM32_Drivers.dir/__/__/Drivers/STM32F1xx_HAL_Driver/Src/stm32f1xx_hal_uart.c.obj
 .text.HAL_UART_TxHalfCpltCallback
                0x080026b4        0x2 cmake/stm32cubemx/CMakeFiles/STM32_Drivers.dir/__/__/Drivers/STM32F1xx_HAL_Driver/Src/stm32f1xx_hal_uart.c.obj
                0x080026b4                HAL_UART_TxHalfCpltCallback
 .text.UART_DMATxHalfCplt
                0x080026b6        0xa cmake/stm32cubemx/CMakeFiles/STM32_Drivers.dir/__/__/Drivers/STM32F1xx_HAL_Driver/Src/stm32f1xx_hal_uart.c.obj
 .text.HAL_UART_RxCpltCallback
                0x080026c0        0x2 cmake/stm32cubemx/CMakeFiles/STM32_Drivers.dir/__/__/Drivers/STM32F1xx_HAL_Driver/Src/stm32f1xx_hal_uart.c.obj
                0x080026c0                HAL_UART_RxCpltCallback
 .text.HAL_UART_RxHalfCpltCallback
                0x080026c2        0x2 cmake/stm32cubemx/CMakeFiles/STM32_Drivers.dir/__/__/Drivers/STM32F1xx_HAL_Driver/Src/stm32f1xx_hal_uart.c.obj
                0x080026c2                HAL_UART_RxHalfCpltCallback
 .text.UART_DMAError
                0x080026c4       0x5a cmake/stm32cubemx/CMakeFiles/STM32_Drivers.dir/__/__/Drivers/STM32F1xx_HAL_Driver/Src/stm32f1xx_hal_uart.c.obj
 .text.UART_DMAAbortOnError
                0x0800271e       0x10 cmake/stm32cubemx/CMakeFiles/STM32_Drivers.dir/__/__/Drivers/STM32F1xx_HAL_Driver/Src/stm32f1xx_hal_uart.c.obj
 .text.UART_DMARxHalfCplt
                0x0800272e       0x1e cmake/stm32cubemx/CMakeFiles/STM32_Drivers.dir/__/__/Drivers/STM32F1xx_HAL_Driver/Src/stm32f1xx_hal_uart.c.obj
 .text.UART_DMAReceiveCplt
                0x0800274c       0x98 cmake/stm32cubemx/CMakeFiles/STM32_Drivers.dir/__/__/Drivers/STM32F1xx_HAL_Driver/Src/stm32f1xx_hal_uart.c.obj
 .text.UART_Receive_IT.isra.0
                0x080027e4       0xb4 cmake/stm32cubemx/CMakeFiles/STM32_Drivers.dir/__/__/Drivers/STM32F1xx_HAL_Driver/Src/stm32f1xx_hal_uart.c.obj
 .text.HAL_UART_IRQHandler
                0x08002898      0x294 cmake/stm32cubemx/CMakeFiles/STM32_Drivers.dir/__/__/Drivers/STM32F1xx_HAL_Driver/Src/stm32f1xx_hal_uart.c.obj
                0x08002898                HAL_UART_IRQHandler
 .text.UART_Start_Receive_DMA
                0x08002b2c       0x98 cmake/stm32cubemx/CMakeFiles/STM32_Drivers.dir/__/__/Drivers/STM32F1xx_HAL_Driver/Src/stm32f1xx_hal_uart.c.obj
                0x08002b2c                UART_Start_Receive_DMA
 .text.HAL_UARTEx_ReceiveToIdle_DMA
                0x08002bc4       0x56 cmake/stm32cubemx/CMakeFiles/STM32_Drivers.dir/__/__/Drivers/STM32F1xx_HAL_Driver/Src/stm32f1xx_hal_uart.c.obj
                0x08002bc4                HAL_UARTEx_ReceiveToIdle_DMA
 *fill*         0x08002c1a        0x2 
 .text.HAL_InitTick
                0x08002c1c       0x48 cmake/stm32cubemx/CMakeFiles/STM32_Drivers.dir/__/__/Drivers/STM32F1xx_HAL_Driver/Src/stm32f1xx_hal.c.obj
                0x08002c1c                HAL_InitTick
 .text.HAL_Init
                0x08002c64       0x24 cmake/stm32cubemx/CMakeFiles/STM32_Drivers.dir/__/__/Drivers/STM32F1xx_HAL_Driver/Src/stm32f1xx_hal.c.obj
                0x08002c64                HAL_Init
 .text.HAL_IncTick
                0x08002c88       0x18 cmake/stm32cubemx/CMakeFiles/STM32_Drivers.dir/__/__/Drivers/STM32F1xx_HAL_Driver/Src/stm32f1xx_hal.c.obj
                0x08002c88                HAL_IncTick
 .text.HAL_GetTick
                0x08002ca0        0xc cmake/stm32cubemx/CMakeFiles/STM32_Drivers.dir/__/__/Drivers/STM32F1xx_HAL_Driver/Src/stm32f1xx_hal.c.obj
                0x08002ca0                HAL_GetTick
 .text.HAL_Delay
                0x08002cac       0x24 cmake/stm32cubemx/CMakeFiles/STM32_Drivers.dir/__/__/Drivers/STM32F1xx_HAL_Driver/Src/stm32f1xx_hal.c.obj
                0x08002cac                HAL_Delay
 .text.HAL_RCC_OscConfig
                0x08002cd0      0x338 cmake/stm32cubemx/CMakeFiles/STM32_Drivers.dir/__/__/Drivers/STM32F1xx_HAL_Driver/Src/stm32f1xx_hal_rcc.c.obj
                0x08002cd0                HAL_RCC_OscConfig
 .text.HAL_RCC_GetSysClockFreq
                0x08003008       0x4c cmake/stm32cubemx/CMakeFiles/STM32_Drivers.dir/__/__/Drivers/STM32F1xx_HAL_Driver/Src/stm32f1xx_hal_rcc.c.obj
                0x08003008                HAL_RCC_GetSysClockFreq
 .text.HAL_RCC_ClockConfig
                0x08003054      0x138 cmake/stm32cubemx/CMakeFiles/STM32_Drivers.dir/__/__/Drivers/STM32F1xx_HAL_Driver/Src/stm32f1xx_hal_rcc.c.obj
                0x08003054                HAL_RCC_ClockConfig
 .text.HAL_RCC_GetPCLK1Freq
                0x0800318c       0x20 cmake/stm32cubemx/CMakeFiles/STM32_Drivers.dir/__/__/Drivers/STM32F1xx_HAL_Driver/Src/stm32f1xx_hal_rcc.c.obj
                0x0800318c                HAL_RCC_GetPCLK1Freq
 .text.HAL_RCC_GetPCLK2Freq
                0x080031ac       0x20 cmake/stm32cubemx/CMakeFiles/STM32_Drivers.dir/__/__/Drivers/STM32F1xx_HAL_Driver/Src/stm32f1xx_hal_rcc.c.obj
                0x080031ac                HAL_RCC_GetPCLK2Freq
 .text.HAL_GPIO_Init
                0x080031cc      0x1a8 cmake/stm32cubemx/CMakeFiles/STM32_Drivers.dir/__/__/Drivers/STM32F1xx_HAL_Driver/Src/stm32f1xx_hal_gpio.c.obj
                0x080031cc                HAL_GPIO_Init
 .text.HAL_DMA_Init
                0x08003374       0x60 cmake/stm32cubemx/CMakeFiles/STM32_Drivers.dir/__/__/Drivers/STM32F1xx_HAL_Driver/Src/stm32f1xx_hal_dma.c.obj
                0x08003374                HAL_DMA_Init
 .text.HAL_DMA_Start_IT
                0x080033d4       0x78 cmake/stm32cubemx/CMakeFiles/STM32_Drivers.dir/__/__/Drivers/STM32F1xx_HAL_Driver/Src/stm32f1xx_hal_dma.c.obj
                0x080033d4                HAL_DMA_Start_IT
 .text.HAL_DMA_Abort
                0x0800344c       0x3e cmake/stm32cubemx/CMakeFiles/STM32_Drivers.dir/__/__/Drivers/STM32F1xx_HAL_Driver/Src/stm32f1xx_hal_dma.c.obj
                0x0800344c                HAL_DMA_Abort
 *fill*         0x0800348a        0x2 
 .text.HAL_DMA_Abort_IT
                0x0800348c       0x8c cmake/stm32cubemx/CMakeFiles/STM32_Drivers.dir/__/__/Drivers/STM32F1xx_HAL_Driver/Src/stm32f1xx_hal_dma.c.obj
                0x0800348c                HAL_DMA_Abort_IT
 .text.HAL_DMA_IRQHandler
                0x08003518      0x128 cmake/stm32cubemx/CMakeFiles/STM32_Drivers.dir/__/__/Drivers/STM32F1xx_HAL_Driver/Src/stm32f1xx_hal_dma.c.obj
                0x08003518                HAL_DMA_IRQHandler
 .text.HAL_DMA_GetError
                0x08003640        0x4 cmake/stm32cubemx/CMakeFiles/STM32_Drivers.dir/__/__/Drivers/STM32F1xx_HAL_Driver/Src/stm32f1xx_hal_dma.c.obj
                0x08003640                HAL_DMA_GetError
 .text.HAL_NVIC_SetPriorityGrouping
                0x08003644       0x24 cmake/stm32cubemx/CMakeFiles/STM32_Drivers.dir/__/__/Drivers/STM32F1xx_HAL_Driver/Src/stm32f1xx_hal_cortex.c.obj
                0x08003644                HAL_NVIC_SetPriorityGrouping
 .text.HAL_NVIC_SetPriority
                0x08003668       0x60 cmake/stm32cubemx/CMakeFiles/STM32_Drivers.dir/__/__/Drivers/STM32F1xx_HAL_Driver/Src/stm32f1xx_hal_cortex.c.obj
                0x08003668                HAL_NVIC_SetPriority
 .text.HAL_NVIC_EnableIRQ
                0x080036c8       0x1c cmake/stm32cubemx/CMakeFiles/STM32_Drivers.dir/__/__/Drivers/STM32F1xx_HAL_Driver/Src/stm32f1xx_hal_cortex.c.obj
                0x080036c8                HAL_NVIC_EnableIRQ
 .text.HAL_SYSTICK_Config
                0x080036e4       0x28 cmake/stm32cubemx/CMakeFiles/STM32_Drivers.dir/__/__/Drivers/STM32F1xx_HAL_Driver/Src/stm32f1xx_hal_cortex.c.obj
                0x080036e4                HAL_SYSTICK_Config
 .text.roundf   0x0800370c       0x48 E:/Softwares/ST/CLT/STM32CubeCLT_1.22.0/GNU-tools-for-STM32/bin/../lib/gcc/arm-none-eabi/14.3.1/../../../../arm-none-eabi/lib/thumb/v7-m/nofp\libm.a(libm_a-sf_round.o)
                0x0800370c                roundf
 .text.atoi     0x08003754        0x8 E:/Softwares/ST/CLT/STM32CubeCLT_1.22.0/GNU-tools-for-STM32/bin/../lib/gcc/arm-none-eabi/14.3.1/../../../../arm-none-eabi/lib/thumb/v7-m/nofp\libg_nano.a(libc_a-atoi.o)
                0x08003754                atoi
 .text._strtol_l.isra.0
                0x0800375c       0xf4 E:/Softwares/ST/CLT/STM32CubeCLT_1.22.0/GNU-tools-for-STM32/bin/../lib/gcc/arm-none-eabi/14.3.1/../../../../arm-none-eabi/lib/thumb/v7-m/nofp\libg_nano.a(libc_a-strtol.o)
 .text.strtol   0x08003850       0x14 E:/Softwares/ST/CLT/STM32CubeCLT_1.22.0/GNU-tools-for-STM32/bin/../lib/gcc/arm-none-eabi/14.3.1/../../../../arm-none-eabi/lib/thumb/v7-m/nofp\libg_nano.a(libc_a-strtol.o)
                0x08003850                strtol
 .text._vsnprintf_r
                0x08003864       0x5c E:/Softwares/ST/CLT/STM32CubeCLT_1.22.0/GNU-tools-for-STM32/bin/../lib/gcc/arm-none-eabi/14.3.1/../../../../arm-none-eabi/lib/thumb/v7-m/nofp\libg_nano.a(libc_a-vsnprintf.o)
                0x08003864                _vsniprintf_r
                0x08003864                _vsnprintf_r
 .text.vsnprintf
                0x080038c0       0x1c E:/Softwares/ST/CLT/STM32CubeCLT_1.22.0/GNU-tools-for-STM32/bin/../lib/gcc/arm-none-eabi/14.3.1/../../../../arm-none-eabi/lib/thumb/v7-m/nofp\libg_nano.a(libc_a-vsnprintf.o)
                0x080038c0                vsniprintf
                0x080038c0                vsnprintf
 .text.memset   0x080038dc       0x10 E:/Softwares/ST/CLT/STM32CubeCLT_1.22.0/GNU-tools-for-STM32/bin/../lib/gcc/arm-none-eabi/14.3.1/../../../../arm-none-eabi/lib/thumb/v7-m/nofp\libg_nano.a(libc_a-memset.o)
                0x080038dc                memset
 .text.__errno  0x080038ec        0xc E:/Softwares/ST/CLT/STM32CubeCLT_1.22.0/GNU-tools-for-STM32/bin/../lib/gcc/arm-none-eabi/14.3.1/../../../../arm-none-eabi/lib/thumb/v7-m/nofp\libg_nano.a(libc_a-errno.o)
                0x080038ec                __errno
 .text.__libc_init_array
                0x080038f8       0x48 E:/Softwares/ST/CLT/STM32CubeCLT_1.22.0/GNU-tools-for-STM32/bin/../lib/gcc/arm-none-eabi/14.3.1/../../../../arm-none-eabi/lib/thumb/v7-m/nofp\libg_nano.a(libc_a-init.o)
                0x080038f8                __libc_init_array
 .text.__retarget_lock_acquire_recursive
                0x08003940        0x2 E:/Softwares/ST/CLT/STM32CubeCLT_1.22.0/GNU-tools-for-STM32/bin/../lib/gcc/arm-none-eabi/14.3.1/../../../../arm-none-eabi/lib/thumb/v7-m/nofp\libg_nano.a(libc_a-lock.o)
                0x08003940                __retarget_lock_acquire_recursive
 .text.__retarget_lock_release_recursive
                0x08003942        0x2 E:/Softwares/ST/CLT/STM32CubeCLT_1.22.0/GNU-tools-for-STM32/bin/../lib/gcc/arm-none-eabi/14.3.1/../../../../arm-none-eabi/lib/thumb/v7-m/nofp\libg_nano.a(libc_a-lock.o)
                0x08003942                __retarget_lock_release_recursive
 .text.memcpy   0x08003944       0x1c E:/Softwares/ST/CLT/STM32CubeCLT_1.22.0/GNU-tools-for-STM32/bin/../lib/gcc/arm-none-eabi/14.3.1/../../../../arm-none-eabi/lib/thumb/v7-m/nofp\libg_nano.a(libc_a-memcpy-stub.o)
                0x08003944                memcpy
 .text._free_r  0x08003960       0x90 E:/Softwares/ST/CLT/STM32CubeCLT_1.22.0/GNU-tools-for-STM32/bin/../lib/gcc/arm-none-eabi/14.3.1/../../../../arm-none-eabi/lib/thumb/v7-m/nofp\libg_nano.a(libc_a-freer.o)
                0x08003960                _free_r
 .text.sbrk_aligned
                0x080039f0       0x44 E:/Softwares/ST/CLT/STM32CubeCLT_1.22.0/GNU-tools-for-STM32/bin/../lib/gcc/arm-none-eabi/14.3.1/../../../../arm-none-eabi/lib/thumb/v7-m/nofp\libg_nano.a(libc_a-mallocr.o)
 .text._malloc_r
                0x08003a34      0x100 E:/Softwares/ST/CLT/STM32CubeCLT_1.22.0/GNU-tools-for-STM32/bin/../lib/gcc/arm-none-eabi/14.3.1/../../../../arm-none-eabi/lib/thumb/v7-m/nofp\libg_nano.a(libc_a-mallocr.o)
                0x08003a34                _malloc_r
 .text.__malloc_lock
                0x08003b34        0xc E:/Softwares/ST/CLT/STM32CubeCLT_1.22.0/GNU-tools-for-STM32/bin/../lib/gcc/arm-none-eabi/14.3.1/../../../../arm-none-eabi/lib/thumb/v7-m/nofp\libg_nano.a(libc_a-mlock.o)
                0x08003b34                __malloc_lock
 .text.__malloc_unlock
                0x08003b40        0xc E:/Softwares/ST/CLT/STM32CubeCLT_1.22.0/GNU-tools-for-STM32/bin/../lib/gcc/arm-none-eabi/14.3.1/../../../../arm-none-eabi/lib/thumb/v7-m/nofp\libg_nano.a(libc_a-mlock.o)
                0x08003b40                __malloc_unlock
 .text.__ssputs_r
                0x08003b4c       0xc0 E:/Softwares/ST/CLT/STM32CubeCLT_1.22.0/GNU-tools-for-STM32/bin/../lib/gcc/arm-none-eabi/14.3.1/../../../../arm-none-eabi/lib/thumb/v7-m/nofp\libg_nano.a(libc_a-nano-svfprintf.o)
                0x08003b4c                __ssputs_r
 .text._svfprintf_r
                0x08003c0c      0x1f0 E:/Softwares/ST/CLT/STM32CubeCLT_1.22.0/GNU-tools-for-STM32/bin/../lib/gcc/arm-none-eabi/14.3.1/../../../../arm-none-eabi/lib/thumb/v7-m/nofp\libg_nano.a(libc_a-nano-svfprintf.o)
                0x08003c0c                _svfiprintf_r
                0x08003c0c                _svfprintf_r
 .text._printf_common
                0x08003dfc       0xe4 E:/Softwares/ST/CLT/STM32CubeCLT_1.22.0/GNU-tools-for-STM32/bin/../lib/gcc/arm-none-eabi/14.3.1/../../../../arm-none-eabi/lib/thumb/v7-m/nofp\libg_nano.a(libc_a-nano-vfprintf_i.o)
                0x08003dfc                _printf_common
 .text._printf_i
                0x08003ee0      0x24c E:/Softwares/ST/CLT/STM32CubeCLT_1.22.0/GNU-tools-for-STM32/bin/../lib/gcc/arm-none-eabi/14.3.1/../../../../arm-none-eabi/lib/thumb/v7-m/nofp\libg_nano.a(libc_a-nano-vfprintf_i.o)
                0x08003ee0                _printf_i
 .text.memmove  0x0800412c       0x32 E:/Softwares/ST/CLT/STM32CubeCLT_1.22.0/GNU-tools-for-STM32/bin/../lib/gcc/arm-none-eabi/14.3.1/../../../../arm-none-eabi/lib/thumb/v7-m/nofp\libg_nano.a(libc_a-memmove.o)
                0x0800412c                memmove
 *fill*         0x0800415e        0x2 
 .text._sbrk_r  0x08004160       0x20 E:/Softwares/ST/CLT/STM32CubeCLT_1.22.0/GNU-tools-for-STM32/bin/../lib/gcc/arm-none-eabi/14.3.1/../../../../arm-none-eabi/lib/thumb/v7-m/nofp\libg_nano.a(libc_a-sbrkr.o)
                0x08004160                _sbrk_r
 .text.memchr   0x08004180       0x1c E:/Softwares/ST/CLT/STM32CubeCLT_1.22.0/GNU-tools-for-STM32/bin/../lib/gcc/arm-none-eabi/14.3.1/../../../../arm-none-eabi/lib/thumb/v7-m/nofp\libg_nano.a(libc_a-memchr-stub.o)
                0x08004180                memchr
 .text._realloc_r
                0x0800419c       0x5c E:/Softwares/ST/CLT/STM32CubeCLT_1.22.0/GNU-tools-for-STM32/bin/../lib/gcc/arm-none-eabi/14.3.1/../../../../arm-none-eabi/lib/thumb/v7-m/nofp\libg_nano.a(libc_a-reallocr.o)
                0x0800419c                _realloc_r
 .text._malloc_usable_size_r
                0x080041f8       0x10 E:/Softwares/ST/CLT/STM32CubeCLT_1.22.0/GNU-tools-for-STM32/bin/../lib/gcc/arm-none-eabi/14.3.1/../../../../arm-none-eabi/lib/thumb/v7-m/nofp\libg_nano.a(libc_a-msizer.o)
                0x080041f8                _malloc_usable_size_r
 *(.glue_7)
 .glue_7        0x08004208        0x0 linker stubs
 *(.glue_7t)
 .glue_7t       0x08004208        0x0 linker stubs
 *(.eh_frame)
 .eh_frame      0x08004208        0x0 E:/Softwares/ST/CLT/STM32CubeCLT_1.22.0/GNU-tools-for-STM32/bin/../lib/gcc/arm-none-eabi/14.3.1/thumb/v7-m/nofp/crtbegin.o
 *(.init)
 .init          0x08004208        0x4 E:/Softwares/ST/CLT/STM32CubeCLT_1.22.0/GNU-tools-for-STM32/bin/../lib/gcc/arm-none-eabi/14.3.1/thumb/v7-m/nofp/crti.o
                0x08004208                _init
 .init          0x0800420c        0x8 E:/Softwares/ST/CLT/STM32CubeCLT_1.22.0/GNU-tools-for-STM32/bin/../lib/gcc/arm-none-eabi/14.3.1/thumb/v7-m/nofp/crtn.o
 *(.fini)
 .fini          0x08004214        0x4 E:/Softwares/ST/CLT/STM32CubeCLT_1.22.0/GNU-tools-for-STM32/bin/../lib/gcc/arm-none-eabi/14.3.1/thumb/v7-m/nofp/crti.o
                0x08004214                _fini
 .fini          0x08004218        0x8 E:/Softwares/ST/CLT/STM32CubeCLT_1.22.0/GNU-tools-for-STM32/bin/../lib/gcc/arm-none-eabi/14.3.1/thumb/v7-m/nofp/crtn.o
                0x08004220                        . = ALIGN (0x4)
                0x08004220                        _etext = .

.vfp11_veneer   0x08004220        0x0
 .vfp11_veneer  0x08004220        0x0 linker stubs

.v4_bx          0x08004220        0x0
 .v4_bx         0x08004220        0x0 linker stubs

.iplt           0x08004220        0x0
 .iplt          0x08004220        0x0 E:/Softwares/ST/CLT/STM32CubeCLT_1.22.0/GNU-tools-for-STM32/bin/../lib/gcc/arm-none-eabi/14.3.1/thumb/v7-m/nofp/crtbegin.o

.rodata         0x08004220      0x770
                0x08004220                        . = ALIGN (0x4)
 *(.rodata)
 .rodata        0x08004220       0x1c CMakeFiles/balanceBall.dir/Core/Src/main.c.obj
 *(.rodata*)
 .rodata.motor_transport.0
                0x0800423c        0x8 CMakeFiles/balanceBall.dir/Core/Src/main.c.obj
 .rodata.cmd_help.str1.1
                0x08004244      0x5b7 CMakeFiles/balanceBall.dir/App/Src/debug_cli.c.obj
                                0x1f5 (size before relaxing)
 .rodata.cmd_status.str1.1
                0x080047fb       0x84 CMakeFiles/balanceBall.dir/App/Src/debug_cli.c.obj
 .rodata.cmd_zero.str1.1
                0x080047fb       0x4a CMakeFiles/balanceBall.dir/App/Src/debug_cli.c.obj
 .rodata.cmd_query.str1.1
                0x080047fb       0x5d CMakeFiles/balanceBall.dir/App/Src/debug_cli.c.obj
 .rodata.cmd_stop.str1.1
                0x080047fb       0x25 CMakeFiles/balanceBall.dir/App/Src/debug_cli.c.obj
 .rodata.cmd_vel.str1.1
                0x080047fb       0x5e CMakeFiles/balanceBall.dir/App/Src/debug_cli.c.obj
 .rodata.cmd_pos.str1.1
                0x080047fb       0xf7 CMakeFiles/balanceBall.dir/App/Src/debug_cli.c.obj
 .rodata.cmd_disable.str1.1
                0x080047fb       0x2f CMakeFiles/balanceBall.dir/App/Src/debug_cli.c.obj
 .rodata.cmd_enable.str1.1
                0x080047fb       0x33 CMakeFiles/balanceBall.dir/App/Src/debug_cli.c.obj
 .rodata.debug_cli_process_line.str1.1
                0x080047fb       0x2a CMakeFiles/balanceBall.dir/App/Src/debug_cli.c.obj
 .rodata.str1.1
                0x080047fb       0x61 CMakeFiles/balanceBall.dir/App/Src/debug_cli.c.obj
 *fill*         0x080047fb        0x1 
 .rodata.uart_state_name.0
                0x080047fc       0x18 CMakeFiles/balanceBall.dir/App/Src/debug_cli.c.obj
 .rodata.s_commands
                0x08004814       0x50 CMakeFiles/balanceBall.dir/App/Src/debug_cli.c.obj
 .rodata.APBPrescTable
                0x08004864        0x8 cmake/stm32cubemx/CMakeFiles/STM32_Drivers.dir/__/__/Core/Src/system_stm32f1xx.c.obj
                0x08004864                APBPrescTable
 .rodata.AHBPrescTable
                0x0800486c       0x10 cmake/stm32cubemx/CMakeFiles/STM32_Drivers.dir/__/__/Core/Src/system_stm32f1xx.c.obj
                0x0800486c                AHBPrescTable
 .rodata.aPredivFactorTable.0
                0x0800487c        0x2 cmake/stm32cubemx/CMakeFiles/STM32_Drivers.dir/__/__/Drivers/STM32F1xx_HAL_Driver/Src/stm32f1xx_hal_rcc.c.obj
 .rodata.aPLLMULFactorTable.1
                0x0800487e       0x10 cmake/stm32cubemx/CMakeFiles/STM32_Drivers.dir/__/__/Drivers/STM32F1xx_HAL_Driver/Src/stm32f1xx_hal_rcc.c.obj
 .rodata._ctype_
                0x0800488e      0x101 E:/Softwares/ST/CLT/STM32CubeCLT_1.22.0/GNU-tools-for-STM32/bin/../lib/gcc/arm-none-eabi/14.3.1/../../../../arm-none-eabi/lib/thumb/v7-m/nofp\libg_nano.a(libc_a-ctype_.o)
                0x0800488e                _ctype_
 .rodata._svfprintf_r.str1.1
                0x0800498f       0x11 E:/Softwares/ST/CLT/STM32CubeCLT_1.22.0/GNU-tools-for-STM32/bin/../lib/gcc/arm-none-eabi/14.3.1/../../../../arm-none-eabi/lib/thumb/v7-m/nofp\libg_nano.a(libc_a-nano-svfprintf.o)
 .rodata._printf_i.str1.1
                0x0800498f       0x22 E:/Softwares/ST/CLT/STM32CubeCLT_1.22.0/GNU-tools-for-STM32/bin/../lib/gcc/arm-none-eabi/14.3.1/../../../../arm-none-eabi/lib/thumb/v7-m/nofp\libg_nano.a(libc_a-nano-vfprintf_i.o)
                0x080049b4                        . = ALIGN (0x4)
 *fill*         0x0800498f        0x1 

.ARM.extab      0x08004990        0x0
                0x08004990                        . = ALIGN (0x4)
 *(.ARM.extab* .gnu.linkonce.armextab.*)
                0x08004990                        . = ALIGN (0x4)

.ARM            0x08004990        0x8
                0x08004990                        . = ALIGN (0x4)
                0x08004990                        __exidx_start = .
 *(.ARM.exidx*)
 .ARM.exidx     0x08004990        0x8 E:/Softwares/ST/CLT/STM32CubeCLT_1.22.0/GNU-tools-for-STM32/bin/../lib/gcc/arm-none-eabi/14.3.1/../../../../arm-none-eabi/lib/thumb/v7-m/nofp\libg_nano.a(libc_a-strcmp.o)
                0x08004998                        __exidx_end = .
                0x08004998                        . = ALIGN (0x4)

.preinit_array  0x08004998        0x0
                0x08004998                        . = ALIGN (0x4)
                0x08004998                        PROVIDE (__preinit_array_start = .)
 *(.preinit_array*)
                0x08004998                        PROVIDE (__preinit_array_end = .)
                0x08004998                        . = ALIGN (0x4)

.init_array     0x08004998        0x4
                0x08004998                        . = ALIGN (0x4)
                0x08004998                        PROVIDE (__init_array_start = .)
 *(SORT_BY_NAME(.init_array.*))
 *(.init_array*)
 .init_array    0x08004998        0x4 E:/Softwares/ST/CLT/STM32CubeCLT_1.22.0/GNU-tools-for-STM32/bin/../lib/gcc/arm-none-eabi/14.3.1/thumb/v7-m/nofp/crtbegin.o
                0x0800499c                        PROVIDE (__init_array_end = .)
                0x0800499c                        . = ALIGN (0x4)

.fini_array     0x0800499c        0x4
                0x0800499c                        . = ALIGN (0x4)
                [!provide]                        PROVIDE (__fini_array_start = .)
 *(SORT_BY_NAME(.fini_array.*))
 *(.fini_array*)
 .fini_array    0x0800499c        0x4 E:/Softwares/ST/CLT/STM32CubeCLT_1.22.0/GNU-tools-for-STM32/bin/../lib/gcc/arm-none-eabi/14.3.1/thumb/v7-m/nofp/crtbegin.o
                [!provide]                        PROVIDE (__fini_array_end = .)
                0x080049a0                        . = ALIGN (0x4)
                0x080049a0                        _sidata = LOADADDR (.data)

.rel.dyn        0x080049a0        0x0
 .rel.iplt      0x080049a0        0x0 E:/Softwares/ST/CLT/STM32CubeCLT_1.22.0/GNU-tools-for-STM32/bin/../lib/gcc/arm-none-eabi/14.3.1/thumb/v7-m/nofp/crtbegin.o

.data           0x20000000       0x5c load address 0x080049a0
                0x20000000                        . = ALIGN (0x4)
                0x20000000                        _sdata = .
 *(.data)
 *(.data*)
 .data.SystemCoreClock
                0x20000000        0x4 cmake/stm32cubemx/CMakeFiles/STM32_Drivers.dir/__/__/Core/Src/system_stm32f1xx.c.obj
                0x20000000                SystemCoreClock
 .data.uwTickFreq
                0x20000004        0x1 cmake/stm32cubemx/CMakeFiles/STM32_Drivers.dir/__/__/Drivers/STM32F1xx_HAL_Driver/Src/stm32f1xx_hal.c.obj
                0x20000004                uwTickFreq
 *fill*         0x20000005        0x3 
 .data.uwTickPrio
                0x20000008        0x4 cmake/stm32cubemx/CMakeFiles/STM32_Drivers.dir/__/__/Drivers/STM32F1xx_HAL_Driver/Src/stm32f1xx_hal.c.obj
                0x20000008                uwTickPrio
 .data._impure_ptr
                0x2000000c        0x4 E:/Softwares/ST/CLT/STM32CubeCLT_1.22.0/GNU-tools-for-STM32/bin/../lib/gcc/arm-none-eabi/14.3.1/../../../../arm-none-eabi/lib/thumb/v7-m/nofp\libg_nano.a(libc_a-impure.o)
                0x2000000c                _impure_ptr
 .data._impure_data
                0x20000010       0x4c E:/Softwares/ST/CLT/STM32CubeCLT_1.22.0/GNU-tools-for-STM32/bin/../lib/gcc/arm-none-eabi/14.3.1/../../../../arm-none-eabi/lib/thumb/v7-m/nofp\libg_nano.a(libc_a-impure.o)
                0x20000010                _impure_data
 *(.RamFunc)
 *(.RamFunc*)
                0x2000005c                        . = ALIGN (0x4)

.igot.plt       0x2000005c        0x0 load address 0x080049fc
 .igot.plt      0x2000005c        0x0 E:/Softwares/ST/CLT/STM32CubeCLT_1.22.0/GNU-tools-for-STM32/bin/../lib/gcc/arm-none-eabi/14.3.1/thumb/v7-m/nofp/crtbegin.o

.tdata          0x2000005c        0x0 load address 0x080049fc
 *(.tdata .tdata.* .gnu.linkonce.td.*)
                0x2000005c                        . = ALIGN (0x4)
                0x2000005c                        _edata = .
                [!provide]                        PROVIDE (__data_end = .)
                [!provide]                        PROVIDE (__tdata_end = .)
                [!provide]                        PROVIDE (__tdata_start = ADDR (.tdata))
                [!provide]                        PROVIDE (__tdata_size = (__tdata_end - __tdata_start))
                [!provide]                        PROVIDE (__data_start = ADDR (.data))
                [!provide]                        PROVIDE (__data_size = (__data_end - __data_start))
                [!provide]                        PROVIDE (__tdata_source = LOADADDR (.tdata))
                [!provide]                        PROVIDE (__tdata_source_end = (LOADADDR (.tdata) + SIZEOF (.tdata)))
                [!provide]                        PROVIDE (__tdata_source_size = (__tdata_source_end - __tdata_source))
                [!provide]                        PROVIDE (__data_source = LOADADDR (.data))
                [!provide]                        PROVIDE (__data_source_end = __tdata_source_end)
                [!provide]                        PROVIDE (__data_source_size = (__data_source_end - __data_source))

.tbss           0x2000005c        0x0 load address 0x080049fc
                0x2000005c                        _sbss = .
                0x2000005c                        __bss_start__ = _sbss
 *(.tbss .tbss.*)
                0x2000005c                        . = ALIGN (0x4)
                [!provide]                        PROVIDE (__tbss_end = .)
                [!provide]                        PROVIDE (__tbss_start = ADDR (.tbss))
                [!provide]                        PROVIDE (__tbss_size = (__tbss_end - __tbss_start))
                [!provide]                        PROVIDE (__tbss_offset = (ADDR (.tbss) - ADDR (.tdata)))
                [!provide]                        PROVIDE (__tls_base = __tdata_start)
                [!provide]                        PROVIDE (__tls_end = __tbss_end)
                [!provide]                        PROVIDE (__tls_size = (__tls_end - __tls_base))
                [!provide]                        PROVIDE (__tls_align = MAX (ALIGNOF (.tdata), ALIGNOF (.tbss)))
                [!provide]                        PROVIDE (__tls_size_align = (((__tls_size + __tls_align) - 0x1) & ~ ((__tls_align - 0x1))))
                [!provide]                        PROVIDE (__arm32_tls_tcb_offset = MAX (0x8, __tls_align))
                [!provide]                        PROVIDE (__arm64_tls_tcb_offset = MAX (0x10, __tls_align))

.bss            0x2000005c      0x538 load address 0x080049fc
 *(.bss)
 .bss           0x2000005c       0x1c E:/Softwares/ST/CLT/STM32CubeCLT_1.22.0/GNU-tools-for-STM32/bin/../lib/gcc/arm-none-eabi/14.3.1/thumb/v7-m/nofp/crtbegin.o
 *(.bss*)
 .bss.g_debug_cli
                0x20000078       0x84 CMakeFiles/balanceBall.dir/Core/Src/main.c.obj
                0x20000078                g_debug_cli
 .bss.g_balance_motor
                0x200000fc       0x68 CMakeFiles/balanceBall.dir/Core/Src/main.c.obj
                0x200000fc                g_balance_motor
 .bss.g_emm_uart
                0x20000164       0x70 CMakeFiles/balanceBall.dir/Core/Src/main.c.obj
                0x20000164                g_emm_uart
 .bss.hdma_usart3_tx
                0x200001d4       0x44 CMakeFiles/balanceBall.dir/Core/Src/usart.c.obj
                0x200001d4                hdma_usart3_tx
 .bss.hdma_usart3_rx
                0x20000218       0x44 CMakeFiles/balanceBall.dir/Core/Src/usart.c.obj
                0x20000218                hdma_usart3_rx
 .bss.hdma_usart2_tx
                0x2000025c       0x44 CMakeFiles/balanceBall.dir/Core/Src/usart.c.obj
                0x2000025c                hdma_usart2_tx
 .bss.hdma_usart2_rx
                0x200002a0       0x44 CMakeFiles/balanceBall.dir/Core/Src/usart.c.obj
                0x200002a0                hdma_usart2_rx
 .bss.hdma_usart1_tx
                0x200002e4       0x44 CMakeFiles/balanceBall.dir/Core/Src/usart.c.obj
                0x200002e4                hdma_usart1_tx
 .bss.hdma_usart1_rx
                0x20000328       0x44 CMakeFiles/balanceBall.dir/Core/Src/usart.c.obj
                0x20000328                hdma_usart1_rx
 .bss.huart3    0x2000036c       0x48 CMakeFiles/balanceBall.dir/Core/Src/usart.c.obj
                0x2000036c                huart3
 .bss.huart2    0x200003b4       0x48 CMakeFiles/balanceBall.dir/Core/Src/usart.c.obj
                0x200003b4                huart2
 .bss.huart1    0x200003fc       0x48 CMakeFiles/balanceBall.dir/Core/Src/usart.c.obj
                0x200003fc                huart1
 .bss.__sbrk_heap_end
                0x20000444        0x4 CMakeFiles/balanceBall.dir/Core/Src/sysmem.c.obj
 .bss.uwTick    0x20000448        0x4 cmake/stm32cubemx/CMakeFiles/STM32_Drivers.dir/__/__/Drivers/STM32F1xx_HAL_Driver/Src/stm32f1xx_hal.c.obj
                0x20000448                uwTick
 .bss.__sf      0x2000044c      0x138 E:/Softwares/ST/CLT/STM32CubeCLT_1.22.0/GNU-tools-for-STM32/bin/../lib/gcc/arm-none-eabi/14.3.1/../../../../arm-none-eabi/lib/thumb/v7-m/nofp\libg_nano.a(libc_a-findfp.o)
                0x2000044c                __sf
 .bss.errno     0x20000584        0x4 E:/Softwares/ST/CLT/STM32CubeCLT_1.22.0/GNU-tools-for-STM32/bin/../lib/gcc/arm-none-eabi/14.3.1/../../../../arm-none-eabi/lib/thumb/v7-m/nofp\libg_nano.a(libc_a-reent.o)
                0x20000584                errno
 .bss.__lock___malloc_recursive_mutex
                0x20000588        0x1 E:/Softwares/ST/CLT/STM32CubeCLT_1.22.0/GNU-tools-for-STM32/bin/../lib/gcc/arm-none-eabi/14.3.1/../../../../arm-none-eabi/lib/thumb/v7-m/nofp\libg_nano.a(libc_a-lock.o)
                0x20000588                __lock___malloc_recursive_mutex
 *fill*         0x20000589        0x3 
 .bss.__malloc_sbrk_start
                0x2000058c        0x4 E:/Softwares/ST/CLT/STM32CubeCLT_1.22.0/GNU-tools-for-STM32/bin/../lib/gcc/arm-none-eabi/14.3.1/../../../../arm-none-eabi/lib/thumb/v7-m/nofp\libg_nano.a(libc_a-mallocr.o)
                0x2000058c                __malloc_sbrk_start
 .bss.__malloc_free_list
                0x20000590        0x4 E:/Softwares/ST/CLT/STM32CubeCLT_1.22.0/GNU-tools-for-STM32/bin/../lib/gcc/arm-none-eabi/14.3.1/../../../../arm-none-eabi/lib/thumb/v7-m/nofp\libg_nano.a(libc_a-mallocr.o)
                0x20000590                __malloc_free_list
 *(COMMON)
                0x20000594                        . = ALIGN (0x4)
                0x20000594                        _ebss = .
                0x20000594                        __bss_end__ = _ebss
                [!provide]                        PROVIDE (__bss_end = .)
                [!provide]                        PROVIDE (__non_tls_bss_start = ADDR (.bss))
                [!provide]                        PROVIDE (__bss_start = __tbss_start)
                [!provide]                        PROVIDE (__bss_size = (__bss_end - __bss_start))

._user_heap_stack
                0x20000594      0x604 load address 0x080049fc
                0x20000598                        . = ALIGN (0x8)
 *fill*         0x20000594        0x4 
                [!provide]                        PROVIDE (end = .)
                0x20000598                        PROVIDE (_end = .)
                0x20000798                        . = (. + _Min_Heap_Size)
 *fill*         0x20000598      0x200 
                0x20000b98                        . = (. + _Min_Stack_Size)
 *fill*         0x20000798      0x400 
                0x20000b98                        . = ALIGN (0x8)

/DISCARD/
 libc.a:*(*)
 libm.a:*(*)
 libgcc.a:*(*)
OUTPUT(balanceBall.elf elf32-littlearm)
LOAD linker stubs

.ARM.attributes
                0x00000000       0x29
 .ARM.attributes
                0x00000000       0x1d E:/Softwares/ST/CLT/STM32CubeCLT_1.22.0/GNU-tools-for-STM32/bin/../lib/gcc/arm-none-eabi/14.3.1/thumb/v7-m/nofp/crti.o
 .ARM.attributes
                0x0000001d       0x2d E:/Softwares/ST/CLT/STM32CubeCLT_1.22.0/GNU-tools-for-STM32/bin/../lib/gcc/arm-none-eabi/14.3.1/thumb/v7-m/nofp/crtbegin.o
 .ARM.attributes
                0x0000004a       0x2d CMakeFiles/balanceBall.dir/Core/Src/main.c.obj
 .ARM.attributes
                0x00000077       0x2d CMakeFiles/balanceBall.dir/Core/Src/gpio.c.obj
 .ARM.attributes
                0x000000a4       0x2d CMakeFiles/balanceBall.dir/Core/Src/dma.c.obj
 .ARM.attributes
                0x000000d1       0x2d CMakeFiles/balanceBall.dir/Core/Src/usart.c.obj
 .ARM.attributes
                0x000000fe       0x2d CMakeFiles/balanceBall.dir/Core/Src/stm32f1xx_it.c.obj
 .ARM.attributes
                0x0000012b       0x2d CMakeFiles/balanceBall.dir/Core/Src/stm32f1xx_hal_msp.c.obj
 .ARM.attributes
                0x00000158       0x2d CMakeFiles/balanceBall.dir/Core/Src/sysmem.c.obj
 .ARM.attributes
                0x00000185       0x21 CMakeFiles/balanceBall.dir/startup_stm32f103xb.s.obj
 .ARM.attributes
                0x000001a6       0x2d CMakeFiles/balanceBall.dir/App/Src/emm_v5_protocol.c.obj
 .ARM.attributes
                0x000001d3       0x2d CMakeFiles/balanceBall.dir/App/Src/balance_motor.c.obj
 .ARM.attributes
                0x00000200       0x2d CMakeFiles/balanceBall.dir/App/Src/emm_v5_uart.c.obj
 .ARM.attributes
                0x0000022d       0x2d CMakeFiles/balanceBall.dir/App/Src/debug_cli.c.obj
 .ARM.attributes
                0x0000025a       0x2d cmake/stm32cubemx/CMakeFiles/STM32_Drivers.dir/__/__/Core/Src/system_stm32f1xx.c.obj
 .ARM.attributes
                0x00000287       0x2d cmake/stm32cubemx/CMakeFiles/STM32_Drivers.dir/__/__/Drivers/STM32F1xx_HAL_Driver/Src/stm32f1xx_hal_uart.c.obj
 .ARM.attributes
                0x000002b4       0x2d cmake/stm32cubemx/CMakeFiles/STM32_Drivers.dir/__/__/Drivers/STM32F1xx_HAL_Driver/Src/stm32f1xx_hal.c.obj
 .ARM.attributes
                0x000002e1       0x2d cmake/stm32cubemx/CMakeFiles/STM32_Drivers.dir/__/__/Drivers/STM32F1xx_HAL_Driver/Src/stm32f1xx_hal_rcc.c.obj
 .ARM.attributes
                0x0000030e       0x2d cmake/stm32cubemx/CMakeFiles/STM32_Drivers.dir/__/__/Drivers/STM32F1xx_HAL_Driver/Src/stm32f1xx_hal_gpio.c.obj
 .ARM.attributes
                0x0000033b       0x2d cmake/stm32cubemx/CMakeFiles/STM32_Drivers.dir/__/__/Drivers/STM32F1xx_HAL_Driver/Src/stm32f1xx_hal_dma.c.obj
 .ARM.attributes
                0x00000368       0x2d cmake/stm32cubemx/CMakeFiles/STM32_Drivers.dir/__/__/Drivers/STM32F1xx_HAL_Driver/Src/stm32f1xx_hal_cortex.c.obj
 .ARM.attributes
                0x00000395       0x2d E:/Softwares/ST/CLT/STM32CubeCLT_1.22.0/GNU-tools-for-STM32/bin/../lib/gcc/arm-none-eabi/14.3.1/../../../../arm-none-eabi/lib/thumb/v7-m/nofp\libm.a(libm_a-sf_round.o)
 .ARM.attributes
                0x000003c2       0x1d E:/Softwares/ST/CLT/STM32CubeCLT_1.22.0/GNU-tools-for-STM32/bin/../lib/gcc/arm-none-eabi/14.3.1/thumb/v7-m/nofp\libgcc.a(_arm_addsubdf3.o)
 .ARM.attributes
                0x000003df       0x1d E:/Softwares/ST/CLT/STM32CubeCLT_1.22.0/GNU-tools-for-STM32/bin/../lib/gcc/arm-none-eabi/14.3.1/thumb/v7-m/nofp\libgcc.a(_arm_cmpdf2.o)
 .ARM.attributes
                0x000003fc       0x1d E:/Softwares/ST/CLT/STM32CubeCLT_1.22.0/GNU-tools-for-STM32/bin/../lib/gcc/arm-none-eabi/14.3.1/thumb/v7-m/nofp\libgcc.a(_arm_addsubsf3.o)
 .ARM.attributes
                0x00000419       0x1d E:/Softwares/ST/CLT/STM32CubeCLT_1.22.0/GNU-tools-for-STM32/bin/../lib/gcc/arm-none-eabi/14.3.1/thumb/v7-m/nofp\libgcc.a(_arm_muldivsf3.o)
 .ARM.attributes
                0x00000436       0x1d E:/Softwares/ST/CLT/STM32CubeCLT_1.22.0/GNU-tools-for-STM32/bin/../lib/gcc/arm-none-eabi/14.3.1/thumb/v7-m/nofp\libgcc.a(_arm_cmpsf2.o)
 .ARM.attributes
                0x00000453       0x1d E:/Softwares/ST/CLT/STM32CubeCLT_1.22.0/GNU-tools-for-STM32/bin/../lib/gcc/arm-none-eabi/14.3.1/thumb/v7-m/nofp\libgcc.a(_arm_unordsf2.o)
 .ARM.attributes
                0x00000470       0x1d E:/Softwares/ST/CLT/STM32CubeCLT_1.22.0/GNU-tools-for-STM32/bin/../lib/gcc/arm-none-eabi/14.3.1/thumb/v7-m/nofp\libgcc.a(_arm_fixsfsi.o)
 .ARM.attributes
                0x0000048d       0x1d E:/Softwares/ST/CLT/STM32CubeCLT_1.22.0/GNU-tools-for-STM32/bin/../lib/gcc/arm-none-eabi/14.3.1/thumb/v7-m/nofp\libgcc.a(_arm_fixunssfsi.o)
 .ARM.attributes
                0x000004aa       0x2d E:/Softwares/ST/CLT/STM32CubeCLT_1.22.0/GNU-tools-for-STM32/bin/../lib/gcc/arm-none-eabi/14.3.1/../../../../arm-none-eabi/lib/thumb/v7-m/nofp\libg_nano.a(libc_a-atoi.o)
 .ARM.attributes
                0x000004d7       0x2d E:/Softwares/ST/CLT/STM32CubeCLT_1.22.0/GNU-tools-for-STM32/bin/../lib/gcc/arm-none-eabi/14.3.1/../../../../arm-none-eabi/lib/thumb/v7-m/nofp\libg_nano.a(libc_a-strtol.o)
 .ARM.attributes
                0x00000504       0x2d E:/Softwares/ST/CLT/STM32CubeCLT_1.22.0/GNU-tools-for-STM32/bin/../lib/gcc/arm-none-eabi/14.3.1/../../../../arm-none-eabi/lib/thumb/v7-m/nofp\libg_nano.a(libc_a-ctype_.o)
 .ARM.attributes
                0x00000531       0x2d E:/Softwares/ST/CLT/STM32CubeCLT_1.22.0/GNU-tools-for-STM32/bin/../lib/gcc/arm-none-eabi/14.3.1/../../../../arm-none-eabi/lib/thumb/v7-m/nofp\libg_nano.a(libc_a-findfp.o)
 .ARM.attributes
                0x0000055e       0x2d E:/Softwares/ST/CLT/STM32CubeCLT_1.22.0/GNU-tools-for-STM32/bin/../lib/gcc/arm-none-eabi/14.3.1/../../../../arm-none-eabi/lib/thumb/v7-m/nofp\libg_nano.a(libc_a-vsnprintf.o)
 .ARM.attributes
                0x0000058b       0x2d E:/Softwares/ST/CLT/STM32CubeCLT_1.22.0/GNU-tools-for-STM32/bin/../lib/gcc/arm-none-eabi/14.3.1/../../../../arm-none-eabi/lib/thumb/v7-m/nofp\libg_nano.a(libc_a-memset.o)
 .ARM.attributes
                0x000005b8       0x2d E:/Softwares/ST/CLT/STM32CubeCLT_1.22.0/GNU-tools-for-STM32/bin/../lib/gcc/arm-none-eabi/14.3.1/../../../../arm-none-eabi/lib/thumb/v7-m/nofp\libg_nano.a(libc_a-reent.o)
 .ARM.attributes
                0x000005e5       0x2d E:/Softwares/ST/CLT/STM32CubeCLT_1.22.0/GNU-tools-for-STM32/bin/../lib/gcc/arm-none-eabi/14.3.1/../../../../arm-none-eabi/lib/thumb/v7-m/nofp\libg_nano.a(libc_a-impure.o)
 .ARM.attributes
                0x00000612       0x2d E:/Softwares/ST/CLT/STM32CubeCLT_1.22.0/GNU-tools-for-STM32/bin/../lib/gcc/arm-none-eabi/14.3.1/../../../../arm-none-eabi/lib/thumb/v7-m/nofp\libg_nano.a(libc_a-errno.o)
 .ARM.attributes
                0x0000063f       0x2d E:/Softwares/ST/CLT/STM32CubeCLT_1.22.0/GNU-tools-for-STM32/bin/../lib/gcc/arm-none-eabi/14.3.1/../../../../arm-none-eabi/lib/thumb/v7-m/nofp\libg_nano.a(libc_a-init.o)
 .ARM.attributes
                0x0000066c       0x2d E:/Softwares/ST/CLT/STM32CubeCLT_1.22.0/GNU-tools-for-STM32/bin/../lib/gcc/arm-none-eabi/14.3.1/../../../../arm-none-eabi/lib/thumb/v7-m/nofp\libg_nano.a(libc_a-lock.o)
 .ARM.attributes
                0x00000699       0x1b E:/Softwares/ST/CLT/STM32CubeCLT_1.22.0/GNU-tools-for-STM32/bin/../lib/gcc/arm-none-eabi/14.3.1/../../../../arm-none-eabi/lib/thumb/v7-m/nofp\libg_nano.a(libc_a-strcmp.o)
 .ARM.attributes
                0x000006b4       0x2d E:/Softwares/ST/CLT/STM32CubeCLT_1.22.0/GNU-tools-for-STM32/bin/../lib/gcc/arm-none-eabi/14.3.1/../../../../arm-none-eabi/lib/thumb/v7-m/nofp\libg_nano.a(libc_a-memcpy-stub.o)
 .ARM.attributes
                0x000006e1       0x2d E:/Softwares/ST/CLT/STM32CubeCLT_1.22.0/GNU-tools-for-STM32/bin/../lib/gcc/arm-none-eabi/14.3.1/../../../../arm-none-eabi/lib/thumb/v7-m/nofp\libg_nano.a(libc_a-freer.o)
 .ARM.attributes
                0x0000070e       0x2d E:/Softwares/ST/CLT/STM32CubeCLT_1.22.0/GNU-tools-for-STM32/bin/../lib/gcc/arm-none-eabi/14.3.1/../../../../arm-none-eabi/lib/thumb/v7-m/nofp\libg_nano.a(libc_a-mallocr.o)
 .ARM.attributes
                0x0000073b       0x2d E:/Softwares/ST/CLT/STM32CubeCLT_1.22.0/GNU-tools-for-STM32/bin/../lib/gcc/arm-none-eabi/14.3.1/../../../../arm-none-eabi/lib/thumb/v7-m/nofp\libg_nano.a(libc_a-mlock.o)
 .ARM.attributes
                0x00000768       0x2d E:/Softwares/ST/CLT/STM32CubeCLT_1.22.0/GNU-tools-for-STM32/bin/../lib/gcc/arm-none-eabi/14.3.1/../../../../arm-none-eabi/lib/thumb/v7-m/nofp\libg_nano.a(libc_a-nano-svfprintf.o)
 .ARM.attributes
                0x00000795       0x2d E:/Softwares/ST/CLT/STM32CubeCLT_1.22.0/GNU-tools-for-STM32/bin/../lib/gcc/arm-none-eabi/14.3.1/../../../../arm-none-eabi/lib/thumb/v7-m/nofp\libg_nano.a(libc_a-nano-vfprintf_i.o)
 .ARM.attributes
                0x000007c2       0x2d E:/Softwares/ST/CLT/STM32CubeCLT_1.22.0/GNU-tools-for-STM32/bin/../lib/gcc/arm-none-eabi/14.3.1/../../../../arm-none-eabi/lib/thumb/v7-m/nofp\libg_nano.a(libc_a-memmove.o)
 .ARM.attributes
                0x000007ef       0x2d E:/Softwares/ST/CLT/STM32CubeCLT_1.22.0/GNU-tools-for-STM32/bin/../lib/gcc/arm-none-eabi/14.3.1/../../../../arm-none-eabi/lib/thumb/v7-m/nofp\libg_nano.a(libc_a-sbrkr.o)
 .ARM.attributes
                0x0000081c       0x2d E:/Softwares/ST/CLT/STM32CubeCLT_1.22.0/GNU-tools-for-STM32/bin/../lib/gcc/arm-none-eabi/14.3.1/../../../../arm-none-eabi/lib/thumb/v7-m/nofp\libg_nano.a(libc_a-memchr-stub.o)
 .ARM.attributes
                0x00000849       0x2d E:/Softwares/ST/CLT/STM32CubeCLT_1.22.0/GNU-tools-for-STM32/bin/../lib/gcc/arm-none-eabi/14.3.1/../../../../arm-none-eabi/lib/thumb/v7-m/nofp\libg_nano.a(libc_a-reallocr.o)
 .ARM.attributes
                0x00000876       0x2d E:/Softwares/ST/CLT/STM32CubeCLT_1.22.0/GNU-tools-for-STM32/bin/../lib/gcc/arm-none-eabi/14.3.1/../../../../arm-none-eabi/lib/thumb/v7-m/nofp\libg_nano.a(libc_a-msizer.o)
 .ARM.attributes
                0x000008a3       0x1d E:/Softwares/ST/CLT/STM32CubeCLT_1.22.0/GNU-tools-for-STM32/bin/../lib/gcc/arm-none-eabi/14.3.1/thumb/v7-m/nofp/crtn.o

.comment        0x00000000       0x43
 .comment       0x00000000       0x43 CMakeFiles/balanceBall.dir/Core/Src/main.c.obj
                                 0x44 (size before relaxing)
 .comment       0x00000043       0x44 CMakeFiles/balanceBall.dir/Core/Src/gpio.c.obj
 .comment       0x00000043       0x44 CMakeFiles/balanceBall.dir/Core/Src/dma.c.obj
 .comment       0x00000043       0x44 CMakeFiles/balanceBall.dir/Core/Src/usart.c.obj
 .comment       0x00000043       0x44 CMakeFiles/balanceBall.dir/Core/Src/stm32f1xx_it.c.obj
 .comment       0x00000043       0x44 CMakeFiles/balanceBall.dir/Core/Src/stm32f1xx_hal_msp.c.obj
 .comment       0x00000043       0x44 CMakeFiles/balanceBall.dir/Core/Src/sysmem.c.obj
 .comment       0x00000043       0x44 CMakeFiles/balanceBall.dir/App/Src/emm_v5_protocol.c.obj
 .comment       0x00000043       0x44 CMakeFiles/balanceBall.dir/App/Src/balance_motor.c.obj
 .comment       0x00000043       0x44 CMakeFiles/balanceBall.dir/App/Src/emm_v5_uart.c.obj
 .comment       0x00000043       0x44 CMakeFiles/balanceBall.dir/App/Src/debug_cli.c.obj
 .comment       0x00000043       0x44 cmake/stm32cubemx/CMakeFiles/STM32_Drivers.dir/__/__/Core/Src/system_stm32f1xx.c.obj
 .comment       0x00000043       0x44 cmake/stm32cubemx/CMakeFiles/STM32_Drivers.dir/__/__/Drivers/STM32F1xx_HAL_Driver/Src/stm32f1xx_hal_uart.c.obj
 .comment       0x00000043       0x44 cmake/stm32cubemx/CMakeFiles/STM32_Drivers.dir/__/__/Drivers/STM32F1xx_HAL_Driver/Src/stm32f1xx_hal.c.obj
 .comment       0x00000043       0x44 cmake/stm32cubemx/CMakeFiles/STM32_Drivers.dir/__/__/Drivers/STM32F1xx_HAL_Driver/Src/stm32f1xx_hal_rcc.c.obj
 .comment       0x00000043       0x44 cmake/stm32cubemx/CMakeFiles/STM32_Drivers.dir/__/__/Drivers/STM32F1xx_HAL_Driver/Src/stm32f1xx_hal_gpio.c.obj
 .comment       0x00000043       0x44 cmake/stm32cubemx/CMakeFiles/STM32_Drivers.dir/__/__/Drivers/STM32F1xx_HAL_Driver/Src/stm32f1xx_hal_dma.c.obj
 .comment       0x00000043       0x44 cmake/stm32cubemx/CMakeFiles/STM32_Drivers.dir/__/__/Drivers/STM32F1xx_HAL_Driver/Src/stm32f1xx_hal_cortex.c.obj
 .comment       0x00000043       0x44 E:/Softwares/ST/CLT/STM32CubeCLT_1.22.0/GNU-tools-for-STM32/bin/../lib/gcc/arm-none-eabi/14.3.1/../../../../arm-none-eabi/lib/thumb/v7-m/nofp\libg_nano.a(libc_a-atoi.o)
 .comment       0x00000043       0x44 E:/Softwares/ST/CLT/STM32CubeCLT_1.22.0/GNU-tools-for-STM32/bin/../lib/gcc/arm-none-eabi/14.3.1/../../../../arm-none-eabi/lib/thumb/v7-m/nofp\libg_nano.a(libc_a-strtol.o)
 .comment       0x00000043       0x44 E:/Softwares/ST/CLT/STM32CubeCLT_1.22.0/GNU-tools-for-STM32/bin/../lib/gcc/arm-none-eabi/14.3.1/../../../../arm-none-eabi/lib/thumb/v7-m/nofp\libg_nano.a(libc_a-ctype_.o)
 .comment       0x00000043       0x44 E:/Softwares/ST/CLT/STM32CubeCLT_1.22.0/GNU-tools-for-STM32/bin/../lib/gcc/arm-none-eabi/14.3.1/../../../../arm-none-eabi/lib/thumb/v7-m/nofp\libg_nano.a(libc_a-findfp.o)
 .comment       0x00000043       0x44 E:/Softwares/ST/CLT/STM32CubeCLT_1.22.0/GNU-tools-for-STM32/bin/../lib/gcc/arm-none-eabi/14.3.1/../../../../arm-none-eabi/lib/thumb/v7-m/nofp\libg_nano.a(libc_a-vsnprintf.o)
 .comment       0x00000043       0x44 E:/Softwares/ST/CLT/STM32CubeCLT_1.22.0/GNU-tools-for-STM32/bin/../lib/gcc/arm-none-eabi/14.3.1/../../../../arm-none-eabi/lib/thumb/v7-m/nofp\libg_nano.a(libc_a-memset.o)
 .comment       0x00000043       0x44 E:/Softwares/ST/CLT/STM32CubeCLT_1.22.0/GNU-tools-for-STM32/bin/../lib/gcc/arm-none-eabi/14.3.1/../../../../arm-none-eabi/lib/thumb/v7-m/nofp\libg_nano.a(libc_a-reent.o)
 .comment       0x00000043       0x44 E:/Softwares/ST/CLT/STM32CubeCLT_1.22.0/GNU-tools-for-STM32/bin/../lib/gcc/arm-none-eabi/14.3.1/../../../../arm-none-eabi/lib/thumb/v7-m/nofp\libg_nano.a(libc_a-impure.o)
 .comment       0x00000043       0x44 E:/Softwares/ST/CLT/STM32CubeCLT_1.22.0/GNU-tools-for-STM32/bin/../lib/gcc/arm-none-eabi/14.3.1/../../../../arm-none-eabi/lib/thumb/v7-m/nofp\libg_nano.a(libc_a-errno.o)
 .comment       0x00000043       0x44 E:/Softwares/ST/CLT/STM32CubeCLT_1.22.0/GNU-tools-for-STM32/bin/../lib/gcc/arm-none-eabi/14.3.1/../../../../arm-none-eabi/lib/thumb/v7-m/nofp\libg_nano.a(libc_a-init.o)
 .comment       0x00000043       0x44 E:/Softwares/ST/CLT/STM32CubeCLT_1.22.0/GNU-tools-for-STM32/bin/../lib/gcc/arm-none-eabi/14.3.1/../../../../arm-none-eabi/lib/thumb/v7-m/nofp\libg_nano.a(libc_a-lock.o)
 .comment       0x00000043       0x44 E:/Softwares/ST/CLT/STM32CubeCLT_1.22.0/GNU-tools-for-STM32/bin/../lib/gcc/arm-none-eabi/14.3.1/../../../../arm-none-eabi/lib/thumb/v7-m/nofp\libg_nano.a(libc_a-memcpy-stub.o)
 .comment       0x00000043       0x44 E:/Softwares/ST/CLT/STM32CubeCLT_1.22.0/GNU-tools-for-STM32/bin/../lib/gcc/arm-none-eabi/14.3.1/../../../../arm-none-eabi/lib/thumb/v7-m/nofp\libg_nano.a(libc_a-freer.o)
 .comment       0x00000043       0x44 E:/Softwares/ST/CLT/STM32CubeCLT_1.22.0/GNU-tools-for-STM32/bin/../lib/gcc/arm-none-eabi/14.3.1/../../../../arm-none-eabi/lib/thumb/v7-m/nofp\libg_nano.a(libc_a-mallocr.o)
 .comment       0x00000043       0x44 E:/Softwares/ST/CLT/STM32CubeCLT_1.22.0/GNU-tools-for-STM32/bin/../lib/gcc/arm-none-eabi/14.3.1/../../../../arm-none-eabi/lib/thumb/v7-m/nofp\libg_nano.a(libc_a-mlock.o)
 .comment       0x00000043       0x44 E:/Softwares/ST/CLT/STM32CubeCLT_1.22.0/GNU-tools-for-STM32/bin/../lib/gcc/arm-none-eabi/14.3.1/../../../../arm-none-eabi/lib/thumb/v7-m/nofp\libg_nano.a(libc_a-nano-svfprintf.o)
 .comment       0x00000043       0x44 E:/Softwares/ST/CLT/STM32CubeCLT_1.22.0/GNU-tools-for-STM32/bin/../lib/gcc/arm-none-eabi/14.3.1/../../../../arm-none-eabi/lib/thumb/v7-m/nofp\libg_nano.a(libc_a-nano-vfprintf_i.o)
 .comment       0x00000043       0x44 E:/Softwares/ST/CLT/STM32CubeCLT_1.22.0/GNU-tools-for-STM32/bin/../lib/gcc/arm-none-eabi/14.3.1/../../../../arm-none-eabi/lib/thumb/v7-m/nofp\libg_nano.a(libc_a-memmove.o)
 .comment       0x00000043       0x44 E:/Softwares/ST/CLT/STM32CubeCLT_1.22.0/GNU-tools-for-STM32/bin/../lib/gcc/arm-none-eabi/14.3.1/../../../../arm-none-eabi/lib/thumb/v7-m/nofp\libg_nano.a(libc_a-sbrkr.o)
 .comment       0x00000043       0x44 E:/Softwares/ST/CLT/STM32CubeCLT_1.22.0/GNU-tools-for-STM32/bin/../lib/gcc/arm-none-eabi/14.3.1/../../../../arm-none-eabi/lib/thumb/v7-m/nofp\libg_nano.a(libc_a-memchr-stub.o)
 .comment       0x00000043       0x44 E:/Softwares/ST/CLT/STM32CubeCLT_1.22.0/GNU-tools-for-STM32/bin/../lib/gcc/arm-none-eabi/14.3.1/../../../../arm-none-eabi/lib/thumb/v7-m/nofp\libg_nano.a(libc_a-reallocr.o)
 .comment       0x00000043       0x44 E:/Softwares/ST/CLT/STM32CubeCLT_1.22.0/GNU-tools-for-STM32/bin/../lib/gcc/arm-none-eabi/14.3.1/../../../../arm-none-eabi/lib/thumb/v7-m/nofp\libg_nano.a(libc_a-msizer.o)

.debug_frame    0x00000000      0x990
 .debug_frame   0x00000000       0x28 E:/Softwares/ST/CLT/STM32CubeCLT_1.22.0/GNU-tools-for-STM32/bin/../lib/gcc/arm-none-eabi/14.3.1/../../../../arm-none-eabi/lib/thumb/v7-m/nofp\libm.a(libm_a-sf_round.o)
 .debug_frame   0x00000028       0xac E:/Softwares/ST/CLT/STM32CubeCLT_1.22.0/GNU-tools-for-STM32/bin/../lib/gcc/arm-none-eabi/14.3.1/thumb/v7-m/nofp\libgcc.a(_arm_addsubdf3.o)
 .debug_frame   0x000000d4       0xc4 E:/Softwares/ST/CLT/STM32CubeCLT_1.22.0/GNU-tools-for-STM32/bin/../lib/gcc/arm-none-eabi/14.3.1/thumb/v7-m/nofp\libgcc.a(_arm_cmpdf2.o)
 .debug_frame   0x00000198       0x4c E:/Softwares/ST/CLT/STM32CubeCLT_1.22.0/GNU-tools-for-STM32/bin/../lib/gcc/arm-none-eabi/14.3.1/thumb/v7-m/nofp\libgcc.a(_arm_addsubsf3.o)
 .debug_frame   0x000001e4       0x38 E:/Softwares/ST/CLT/STM32CubeCLT_1.22.0/GNU-tools-for-STM32/bin/../lib/gcc/arm-none-eabi/14.3.1/thumb/v7-m/nofp\libgcc.a(_arm_muldivsf3.o)
 .debug_frame   0x0000021c       0xc8 E:/Softwares/ST/CLT/STM32CubeCLT_1.22.0/GNU-tools-for-STM32/bin/../lib/gcc/arm-none-eabi/14.3.1/thumb/v7-m/nofp\libgcc.a(_arm_cmpsf2.o)
 .debug_frame   0x000002e4       0x24 E:/Softwares/ST/CLT/STM32CubeCLT_1.22.0/GNU-tools-for-STM32/bin/../lib/gcc/arm-none-eabi/14.3.1/thumb/v7-m/nofp\libgcc.a(_arm_unordsf2.o)
 .debug_frame   0x00000308       0x24 E:/Softwares/ST/CLT/STM32CubeCLT_1.22.0/GNU-tools-for-STM32/bin/../lib/gcc/arm-none-eabi/14.3.1/thumb/v7-m/nofp\libgcc.a(_arm_fixsfsi.o)
 .debug_frame   0x0000032c       0x24 E:/Softwares/ST/CLT/STM32CubeCLT_1.22.0/GNU-tools-for-STM32/bin/../lib/gcc/arm-none-eabi/14.3.1/thumb/v7-m/nofp\libgcc.a(_arm_fixunssfsi.o)
 .debug_frame   0x00000350       0x30 E:/Softwares/ST/CLT/STM32CubeCLT_1.22.0/GNU-tools-for-STM32/bin/../lib/gcc/arm-none-eabi/14.3.1/../../../../arm-none-eabi/lib/thumb/v7-m/nofp\libg_nano.a(libc_a-atoi.o)
 .debug_frame   0x00000380       0x64 E:/Softwares/ST/CLT/STM32CubeCLT_1.22.0/GNU-tools-for-STM32/bin/../lib/gcc/arm-none-eabi/14.3.1/../../../../arm-none-eabi/lib/thumb/v7-m/nofp\libg_nano.a(libc_a-strtol.o)
 .debug_frame   0x000003e4      0x144 E:/Softwares/ST/CLT/STM32CubeCLT_1.22.0/GNU-tools-for-STM32/bin/../lib/gcc/arm-none-eabi/14.3.1/../../../../arm-none-eabi/lib/thumb/v7-m/nofp\libg_nano.a(libc_a-findfp.o)
 .debug_frame   0x00000528       0x4c E:/Softwares/ST/CLT/STM32CubeCLT_1.22.0/GNU-tools-for-STM32/bin/../lib/gcc/arm-none-eabi/14.3.1/../../../../arm-none-eabi/lib/thumb/v7-m/nofp\libg_nano.a(libc_a-vsnprintf.o)
 .debug_frame   0x00000574       0x20 E:/Softwares/ST/CLT/STM32CubeCLT_1.22.0/GNU-tools-for-STM32/bin/../lib/gcc/arm-none-eabi/14.3.1/../../../../arm-none-eabi/lib/thumb/v7-m/nofp\libg_nano.a(libc_a-memset.o)
 .debug_frame   0x00000594       0x38 E:/Softwares/ST/CLT/STM32CubeCLT_1.22.0/GNU-tools-for-STM32/bin/../lib/gcc/arm-none-eabi/14.3.1/../../../../arm-none-eabi/lib/thumb/v7-m/nofp\libg_nano.a(libc_a-reent.o)
 .debug_frame   0x000005cc       0x20 E:/Softwares/ST/CLT/STM32CubeCLT_1.22.0/GNU-tools-for-STM32/bin/../lib/gcc/arm-none-eabi/14.3.1/../../../../arm-none-eabi/lib/thumb/v7-m/nofp\libg_nano.a(libc_a-errno.o)
 .debug_frame   0x000005ec       0x2c E:/Softwares/ST/CLT/STM32CubeCLT_1.22.0/GNU-tools-for-STM32/bin/../lib/gcc/arm-none-eabi/14.3.1/../../../../arm-none-eabi/lib/thumb/v7-m/nofp\libg_nano.a(libc_a-init.o)
 .debug_frame   0x00000618       0xb0 E:/Softwares/ST/CLT/STM32CubeCLT_1.22.0/GNU-tools-for-STM32/bin/../lib/gcc/arm-none-eabi/14.3.1/../../../../arm-none-eabi/lib/thumb/v7-m/nofp\libg_nano.a(libc_a-lock.o)
 .debug_frame   0x000006c8       0x20 E:/Softwares/ST/CLT/STM32CubeCLT_1.22.0/GNU-tools-for-STM32/bin/../lib/gcc/arm-none-eabi/14.3.1/../../../../arm-none-eabi/lib/thumb/v7-m/nofp\libg_nano.a(libc_a-strcmp.o)
 .debug_frame   0x000006e8       0x28 E:/Softwares/ST/CLT/STM32CubeCLT_1.22.0/GNU-tools-for-STM32/bin/../lib/gcc/arm-none-eabi/14.3.1/../../../../arm-none-eabi/lib/thumb/v7-m/nofp\libg_nano.a(libc_a-memcpy-stub.o)
 .debug_frame   0x00000710       0x38 E:/Softwares/ST/CLT/STM32CubeCLT_1.22.0/GNU-tools-for-STM32/bin/../lib/gcc/arm-none-eabi/14.3.1/../../../../arm-none-eabi/lib/thumb/v7-m/nofp\libg_nano.a(libc_a-freer.o)
 .debug_frame   0x00000748       0x50 E:/Softwares/ST/CLT/STM32CubeCLT_1.22.0/GNU-tools-for-STM32/bin/../lib/gcc/arm-none-eabi/14.3.1/../../../../arm-none-eabi/lib/thumb/v7-m/nofp\libg_nano.a(libc_a-mallocr.o)
 .debug_frame   0x00000798       0x30 E:/Softwares/ST/CLT/STM32CubeCLT_1.22.0/GNU-tools-for-STM32/bin/../lib/gcc/arm-none-eabi/14.3.1/../../../../arm-none-eabi/lib/thumb/v7-m/nofp\libg_nano.a(libc_a-mlock.o)
 .debug_frame   0x000007c8       0x90 E:/Softwares/ST/CLT/STM32CubeCLT_1.22.0/GNU-tools-for-STM32/bin/../lib/gcc/arm-none-eabi/14.3.1/../../../../arm-none-eabi/lib/thumb/v7-m/nofp\libg_nano.a(libc_a-nano-svfprintf.o)
 .debug_frame   0x00000858       0x60 E:/Softwares/ST/CLT/STM32CubeCLT_1.22.0/GNU-tools-for-STM32/bin/../lib/gcc/arm-none-eabi/14.3.1/../../../../arm-none-eabi/lib/thumb/v7-m/nofp\libg_nano.a(libc_a-nano-vfprintf_i.o)
 .debug_frame   0x000008b8       0x28 E:/Softwares/ST/CLT/STM32CubeCLT_1.22.0/GNU-tools-for-STM32/bin/../lib/gcc/arm-none-eabi/14.3.1/../../../../arm-none-eabi/lib/thumb/v7-m/nofp\libg_nano.a(libc_a-memmove.o)
 .debug_frame   0x000008e0       0x2c E:/Softwares/ST/CLT/STM32CubeCLT_1.22.0/GNU-tools-for-STM32/bin/../lib/gcc/arm-none-eabi/14.3.1/../../../../arm-none-eabi/lib/thumb/v7-m/nofp\libg_nano.a(libc_a-sbrkr.o)
 .debug_frame   0x0000090c       0x28 E:/Softwares/ST/CLT/STM32CubeCLT_1.22.0/GNU-tools-for-STM32/bin/../lib/gcc/arm-none-eabi/14.3.1/../../../../arm-none-eabi/lib/thumb/v7-m/nofp\libg_nano.a(libc_a-memchr-stub.o)
 .debug_frame   0x00000934       0x3c E:/Softwares/ST/CLT/STM32CubeCLT_1.22.0/GNU-tools-for-STM32/bin/../lib/gcc/arm-none-eabi/14.3.1/../../../../arm-none-eabi/lib/thumb/v7-m/nofp\libg_nano.a(libc_a-reallocr.o)
 .debug_frame   0x00000970       0x20 E:/Softwares/ST/CLT/STM32CubeCLT_1.22.0/GNU-tools-for-STM32/bin/../lib/gcc/arm-none-eabi/14.3.1/../../../../arm-none-eabi/lib/thumb/v7-m/nofp\libg_nano.a(libc_a-msizer.o)

.debug_info     0x00000000     0x9c74
 .debug_info    0x00000000      0x7d9 E:/Softwares/ST/CLT/STM32CubeCLT_1.22.0/GNU-tools-for-STM32/bin/../lib/gcc/arm-none-eabi/14.3.1/../../../../arm-none-eabi/lib/thumb/v7-m/nofp\libg_nano.a(libc_a-atoi.o)
 .debug_info    0x000007d9      0xd7f E:/Softwares/ST/CLT/STM32CubeCLT_1.22.0/GNU-tools-for-STM32/bin/../lib/gcc/arm-none-eabi/14.3.1/../../../../arm-none-eabi/lib/thumb/v7-m/nofp\libg_nano.a(libc_a-strtol.o)
 .debug_info    0x00001558       0xb9 E:/Softwares/ST/CLT/STM32CubeCLT_1.22.0/GNU-tools-for-STM32/bin/../lib/gcc/arm-none-eabi/14.3.1/../../../../arm-none-eabi/lib/thumb/v7-m/nofp\libg_nano.a(libc_a-ctype_.o)
 .debug_info    0x00001611      0xfb2 E:/Softwares/ST/CLT/STM32CubeCLT_1.22.0/GNU-tools-for-STM32/bin/../lib/gcc/arm-none-eabi/14.3.1/../../../../arm-none-eabi/lib/thumb/v7-m/nofp\libg_nano.a(libc_a-findfp.o)
 .debug_info    0x000025c3      0x89c E:/Softwares/ST/CLT/STM32CubeCLT_1.22.0/GNU-tools-for-STM32/bin/../lib/gcc/arm-none-eabi/14.3.1/../../../../arm-none-eabi/lib/thumb/v7-m/nofp\libg_nano.a(libc_a-vsnprintf.o)
 .debug_info    0x00002e5f       0xe0 E:/Softwares/ST/CLT/STM32CubeCLT_1.22.0/GNU-tools-for-STM32/bin/../lib/gcc/arm-none-eabi/14.3.1/../../../../arm-none-eabi/lib/thumb/v7-m/nofp\libg_nano.a(libc_a-memset.o)
 .debug_info    0x00002f3f      0x8a1 E:/Softwares/ST/CLT/STM32CubeCLT_1.22.0/GNU-tools-for-STM32/bin/../lib/gcc/arm-none-eabi/14.3.1/../../../../arm-none-eabi/lib/thumb/v7-m/nofp\libg_nano.a(libc_a-reent.o)
 .debug_info    0x000037e0      0x715 E:/Softwares/ST/CLT/STM32CubeCLT_1.22.0/GNU-tools-for-STM32/bin/../lib/gcc/arm-none-eabi/14.3.1/../../../../arm-none-eabi/lib/thumb/v7-m/nofp\libg_nano.a(libc_a-impure.o)
 .debug_info    0x00003ef5      0x6fb E:/Softwares/ST/CLT/STM32CubeCLT_1.22.0/GNU-tools-for-STM32/bin/../lib/gcc/arm-none-eabi/14.3.1/../../../../arm-none-eabi/lib/thumb/v7-m/nofp\libg_nano.a(libc_a-errno.o)
 .debug_info    0x000045f0      0x10b E:/Softwares/ST/CLT/STM32CubeCLT_1.22.0/GNU-tools-for-STM32/bin/../lib/gcc/arm-none-eabi/14.3.1/../../../../arm-none-eabi/lib/thumb/v7-m/nofp\libg_nano.a(libc_a-init.o)
 .debug_info    0x000046fb      0x218 E:/Softwares/ST/CLT/STM32CubeCLT_1.22.0/GNU-tools-for-STM32/bin/../lib/gcc/arm-none-eabi/14.3.1/../../../../arm-none-eabi/lib/thumb/v7-m/nofp\libg_nano.a(libc_a-lock.o)
 .debug_info    0x00004913       0x31 E:/Softwares/ST/CLT/STM32CubeCLT_1.22.0/GNU-tools-for-STM32/bin/../lib/gcc/arm-none-eabi/14.3.1/../../../../arm-none-eabi/lib/thumb/v7-m/nofp\libg_nano.a(libc_a-strcmp.o)
 .debug_info    0x00004944      0x121 E:/Softwares/ST/CLT/STM32CubeCLT_1.22.0/GNU-tools-for-STM32/bin/../lib/gcc/arm-none-eabi/14.3.1/../../../../arm-none-eabi/lib/thumb/v7-m/nofp\libg_nano.a(libc_a-memcpy-stub.o)
 .debug_info    0x00004a65      0x851 E:/Softwares/ST/CLT/STM32CubeCLT_1.22.0/GNU-tools-for-STM32/bin/../lib/gcc/arm-none-eabi/14.3.1/../../../../arm-none-eabi/lib/thumb/v7-m/nofp\libg_nano.a(libc_a-freer.o)
 .debug_info    0x000052b6      0x9bc E:/Softwares/ST/CLT/STM32CubeCLT_1.22.0/GNU-tools-for-STM32/bin/../lib/gcc/arm-none-eabi/14.3.1/../../../../arm-none-eabi/lib/thumb/v7-m/nofp\libg_nano.a(libc_a-mallocr.o)
 .debug_info    0x00005c72      0x76b E:/Softwares/ST/CLT/STM32CubeCLT_1.22.0/GNU-tools-for-STM32/bin/../lib/gcc/arm-none-eabi/14.3.1/../../../../arm-none-eabi/lib/thumb/v7-m/nofp\libg_nano.a(libc_a-mlock.o)
 .debug_info    0x000063dd     0x10b3 E:/Softwares/ST/CLT/STM32CubeCLT_1.22.0/GNU-tools-for-STM32/bin/../lib/gcc/arm-none-eabi/14.3.1/../../../../arm-none-eabi/lib/thumb/v7-m/nofp\libg_nano.a(libc_a-nano-svfprintf.o)
 .debug_info    0x00007490      0xde2 E:/Softwares/ST/CLT/STM32CubeCLT_1.22.0/GNU-tools-for-STM32/bin/../lib/gcc/arm-none-eabi/14.3.1/../../../../arm-none-eabi/lib/thumb/v7-m/nofp\libg_nano.a(libc_a-nano-vfprintf_i.o)
 .debug_info    0x00008272      0x10f E:/Softwares/ST/CLT/STM32CubeCLT_1.22.0/GNU-tools-for-STM32/bin/../lib/gcc/arm-none-eabi/14.3.1/../../../../arm-none-eabi/lib/thumb/v7-m/nofp\libg_nano.a(libc_a-memmove.o)
 .debug_info    0x00008381      0x782 E:/Softwares/ST/CLT/STM32CubeCLT_1.22.0/GNU-tools-for-STM32/bin/../lib/gcc/arm-none-eabi/14.3.1/../../../../arm-none-eabi/lib/thumb/v7-m/nofp\libg_nano.a(libc_a-sbrkr.o)
 .debug_info    0x00008b03      0x110 E:/Softwares/ST/CLT/STM32CubeCLT_1.22.0/GNU-tools-for-STM32/bin/../lib/gcc/arm-none-eabi/14.3.1/../../../../arm-none-eabi/lib/thumb/v7-m/nofp\libg_nano.a(libc_a-memchr-stub.o)
 .debug_info    0x00008c13      0x8cd E:/Softwares/ST/CLT/STM32CubeCLT_1.22.0/GNU-tools-for-STM32/bin/../lib/gcc/arm-none-eabi/14.3.1/../../../../arm-none-eabi/lib/thumb/v7-m/nofp\libg_nano.a(libc_a-reallocr.o)
 .debug_info    0x000094e0      0x794 E:/Softwares/ST/CLT/STM32CubeCLT_1.22.0/GNU-tools-for-STM32/bin/../lib/gcc/arm-none-eabi/14.3.1/../../../../arm-none-eabi/lib/thumb/v7-m/nofp\libg_nano.a(libc_a-msizer.o)

.debug_abbrev   0x00000000     0x2620
 .debug_abbrev  0x00000000      0x1b2 E:/Softwares/ST/CLT/STM32CubeCLT_1.22.0/GNU-tools-for-STM32/bin/../lib/gcc/arm-none-eabi/14.3.1/../../../../arm-none-eabi/lib/thumb/v7-m/nofp\libg_nano.a(libc_a-atoi.o)
 .debug_abbrev  0x000001b2      0x2ee E:/Softwares/ST/CLT/STM32CubeCLT_1.22.0/GNU-tools-for-STM32/bin/../lib/gcc/arm-none-eabi/14.3.1/../../../../arm-none-eabi/lib/thumb/v7-m/nofp\libg_nano.a(libc_a-strtol.o)
 .debug_abbrev  0x000004a0       0x62 E:/Softwares/ST/CLT/STM32CubeCLT_1.22.0/GNU-tools-for-STM32/bin/../lib/gcc/arm-none-eabi/14.3.1/../../../../arm-none-eabi/lib/thumb/v7-m/nofp\libg_nano.a(libc_a-ctype_.o)
 .debug_abbrev  0x00000502      0x424 E:/Softwares/ST/CLT/STM32CubeCLT_1.22.0/GNU-tools-for-STM32/bin/../lib/gcc/arm-none-eabi/14.3.1/../../../../arm-none-eabi/lib/thumb/v7-m/nofp\libg_nano.a(libc_a-findfp.o)
 .debug_abbrev  0x00000926      0x228 E:/Softwares/ST/CLT/STM32CubeCLT_1.22.0/GNU-tools-for-STM32/bin/../lib/gcc/arm-none-eabi/14.3.1/../../../../arm-none-eabi/lib/thumb/v7-m/nofp\libg_nano.a(libc_a-vsnprintf.o)
 .debug_abbrev  0x00000b4e       0x9e E:/Softwares/ST/CLT/STM32CubeCLT_1.22.0/GNU-tools-for-STM32/bin/../lib/gcc/arm-none-eabi/14.3.1/../../../../arm-none-eabi/lib/thumb/v7-m/nofp\libg_nano.a(libc_a-memset.o)
 .debug_abbrev  0x00000bec      0x1f7 E:/Softwares/ST/CLT/STM32CubeCLT_1.22.0/GNU-tools-for-STM32/bin/../lib/gcc/arm-none-eabi/14.3.1/../../../../arm-none-eabi/lib/thumb/v7-m/nofp\libg_nano.a(libc_a-reent.o)
 .debug_abbrev  0x00000de3      0x149 E:/Softwares/ST/CLT/STM32CubeCLT_1.22.0/GNU-tools-for-STM32/bin/../lib/gcc/arm-none-eabi/14.3.1/../../../../arm-none-eabi/lib/thumb/v7-m/nofp\libg_nano.a(libc_a-impure.o)
 .debug_abbrev  0x00000f2c      0x15e E:/Softwares/ST/CLT/STM32CubeCLT_1.22.0/GNU-tools-for-STM32/bin/../lib/gcc/arm-none-eabi/14.3.1/../../../../arm-none-eabi/lib/thumb/v7-m/nofp\libg_nano.a(libc_a-errno.o)
 .debug_abbrev  0x0000108a       0xc9 E:/Softwares/ST/CLT/STM32CubeCLT_1.22.0/GNU-tools-for-STM32/bin/../lib/gcc/arm-none-eabi/14.3.1/../../../../arm-none-eabi/lib/thumb/v7-m/nofp\libg_nano.a(libc_a-init.o)
 .debug_abbrev  0x00001153      0x115 E:/Softwares/ST/CLT/STM32CubeCLT_1.22.0/GNU-tools-for-STM32/bin/../lib/gcc/arm-none-eabi/14.3.1/../../../../arm-none-eabi/lib/thumb/v7-m/nofp\libg_nano.a(libc_a-lock.o)
 .debug_abbrev  0x00001268       0x28 E:/Softwares/ST/CLT/STM32CubeCLT_1.22.0/GNU-tools-for-STM32/bin/../lib/gcc/arm-none-eabi/14.3.1/../../../../arm-none-eabi/lib/thumb/v7-m/nofp\libg_nano.a(libc_a-strcmp.o)
 .debug_abbrev  0x00001290       0xc1 E:/Softwares/ST/CLT/STM32CubeCLT_1.22.0/GNU-tools-for-STM32/bin/../lib/gcc/arm-none-eabi/14.3.1/../../../../arm-none-eabi/lib/thumb/v7-m/nofp\libg_nano.a(libc_a-memcpy-stub.o)
 .debug_abbrev  0x00001351      0x236 E:/Softwares/ST/CLT/STM32CubeCLT_1.22.0/GNU-tools-for-STM32/bin/../lib/gcc/arm-none-eabi/14.3.1/../../../../arm-none-eabi/lib/thumb/v7-m/nofp\libg_nano.a(libc_a-freer.o)
 .debug_abbrev  0x00001587      0x24a E:/Softwares/ST/CLT/STM32CubeCLT_1.22.0/GNU-tools-for-STM32/bin/../lib/gcc/arm-none-eabi/14.3.1/../../../../arm-none-eabi/lib/thumb/v7-m/nofp\libg_nano.a(libc_a-mallocr.o)
 .debug_abbrev  0x000017d1      0x1bf E:/Softwares/ST/CLT/STM32CubeCLT_1.22.0/GNU-tools-for-STM32/bin/../lib/gcc/arm-none-eabi/14.3.1/../../../../arm-none-eabi/lib/thumb/v7-m/nofp\libg_nano.a(libc_a-mlock.o)
 .debug_abbrev  0x00001990      0x31e E:/Softwares/ST/CLT/STM32CubeCLT_1.22.0/GNU-tools-for-STM32/bin/../lib/gcc/arm-none-eabi/14.3.1/../../../../arm-none-eabi/lib/thumb/v7-m/nofp\libg_nano.a(libc_a-nano-svfprintf.o)
 .debug_abbrev  0x00001cae      0x28e E:/Softwares/ST/CLT/STM32CubeCLT_1.22.0/GNU-tools-for-STM32/bin/../lib/gcc/arm-none-eabi/14.3.1/../../../../arm-none-eabi/lib/thumb/v7-m/nofp\libg_nano.a(libc_a-nano-vfprintf_i.o)
 .debug_abbrev  0x00001f3c       0xac E:/Softwares/ST/CLT/STM32CubeCLT_1.22.0/GNU-tools-for-STM32/bin/../lib/gcc/arm-none-eabi/14.3.1/../../../../arm-none-eabi/lib/thumb/v7-m/nofp\libg_nano.a(libc_a-memmove.o)
 .debug_abbrev  0x00001fe8      0x1da E:/Softwares/ST/CLT/STM32CubeCLT_1.22.0/GNU-tools-for-STM32/bin/../lib/gcc/arm-none-eabi/14.3.1/../../../../arm-none-eabi/lib/thumb/v7-m/nofp\libg_nano.a(libc_a-sbrkr.o)
 .debug_abbrev  0x000021c2       0xb1 E:/Softwares/ST/CLT/STM32CubeCLT_1.22.0/GNU-tools-for-STM32/bin/../lib/gcc/arm-none-eabi/14.3.1/../../../../arm-none-eabi/lib/thumb/v7-m/nofp\libg_nano.a(libc_a-memchr-stub.o)
 .debug_abbrev  0x00002273      0x217 E:/Softwares/ST/CLT/STM32CubeCLT_1.22.0/GNU-tools-for-STM32/bin/../lib/gcc/arm-none-eabi/14.3.1/../../../../arm-none-eabi/lib/thumb/v7-m/nofp\libg_nano.a(libc_a-reallocr.o)
 .debug_abbrev  0x0000248a      0x196 E:/Softwares/ST/CLT/STM32CubeCLT_1.22.0/GNU-tools-for-STM32/bin/../lib/gcc/arm-none-eabi/14.3.1/../../../../arm-none-eabi/lib/thumb/v7-m/nofp\libg_nano.a(libc_a-msizer.o)

.debug_loclists
                0x00000000     0x1b4d
 .debug_loclists
                0x00000000       0x63 E:/Softwares/ST/CLT/STM32CubeCLT_1.22.0/GNU-tools-for-STM32/bin/../lib/gcc/arm-none-eabi/14.3.1/../../../../arm-none-eabi/lib/thumb/v7-m/nofp\libg_nano.a(libc_a-atoi.o)
 .debug_loclists
                0x00000063      0x439 E:/Softwares/ST/CLT/STM32CubeCLT_1.22.0/GNU-tools-for-STM32/bin/../lib/gcc/arm-none-eabi/14.3.1/../../../../arm-none-eabi/lib/thumb/v7-m/nofp\libg_nano.a(libc_a-strtol.o)
 .debug_loclists
                0x0000049c      0x2b6 E:/Softwares/ST/CLT/STM32CubeCLT_1.22.0/GNU-tools-for-STM32/bin/../lib/gcc/arm-none-eabi/14.3.1/../../../../arm-none-eabi/lib/thumb/v7-m/nofp\libg_nano.a(libc_a-findfp.o)
 .debug_loclists
                0x00000752      0x13b E:/Softwares/ST/CLT/STM32CubeCLT_1.22.0/GNU-tools-for-STM32/bin/../lib/gcc/arm-none-eabi/14.3.1/../../../../arm-none-eabi/lib/thumb/v7-m/nofp\libg_nano.a(libc_a-vsnprintf.o)
 .debug_loclists
                0x0000088d       0x3b E:/Softwares/ST/CLT/STM32CubeCLT_1.22.0/GNU-tools-for-STM32/bin/../lib/gcc/arm-none-eabi/14.3.1/../../../../arm-none-eabi/lib/thumb/v7-m/nofp\libg_nano.a(libc_a-memset.o)
 .debug_loclists
                0x000008c8       0x9c E:/Softwares/ST/CLT/STM32CubeCLT_1.22.0/GNU-tools-for-STM32/bin/../lib/gcc/arm-none-eabi/14.3.1/../../../../arm-none-eabi/lib/thumb/v7-m/nofp\libg_nano.a(libc_a-reent.o)
 .debug_loclists
                0x00000964       0x44 E:/Softwares/ST/CLT/STM32CubeCLT_1.22.0/GNU-tools-for-STM32/bin/../lib/gcc/arm-none-eabi/14.3.1/../../../../arm-none-eabi/lib/thumb/v7-m/nofp\libg_nano.a(libc_a-init.o)
 .debug_loclists
                0x000009a8       0x29 E:/Softwares/ST/CLT/STM32CubeCLT_1.22.0/GNU-tools-for-STM32/bin/../lib/gcc/arm-none-eabi/14.3.1/../../../../arm-none-eabi/lib/thumb/v7-m/nofp\libg_nano.a(libc_a-lock.o)
 .debug_loclists