E:\B306\2026\diansai\2026task\stm32\balanceBall\balanceBall\App\Src\emm_v5_protocol.c:28:13:builder_u8	8	static
E:\B306\2026\diansai\2026task\stm32\balanceBall\balanceBall\App\Src\emm_v5_protocol.c:33:13:builder_u16_be	8	static
E:\B306\2026\diansai\2026task\stm32\balanceBall\balanceBall\App\Src\emm_v5_protocol.c:39:13:builder_u32_be	8	static
E:\B306\2026\diansai\2026task\stm32\balanceBall\balanceBall\App\Src\emm_v5_protocol.c:302:17:read_u32_be	0	static
E:\B306\2026\diansai\2026task\stm32\balanceBall\balanceBall\App\Src\emm_v5_protocol.c:54:20:begin_addressed	24	static
E:\B306\2026\diansai\2026task\stm32\balanceBall\balanceBall\App\Src\emm_v5_protocol.c:286:20:validate_response	8	static
E:\B306\2026\diansai\2026task\stm32\balanceBall\balanceBall\App\Src\emm_v5_protocol.c:47:20:builder_finish.isra	8	static
E:\B306\2026\diansai\2026task\stm32\balanceBall\balanceBall\App\Src\emm_v5_protocol.c:186:20:encode_query	24	static
E:\B306\2026\diansai\2026task\stm32\balanceBall\balanceBall\App\Src\emm_v5_protocol.c:81:13:emm_v5_encode_enable	24	static
E:\B306\2026\diansai\2026task\stm32\balanceBall\balanceBall\App\Src\emm_v5_protocol.c:96:13:emm_v5_encode_velocity	32	static
E:\B306\2026\diansai\2026task\stm32\balanceBall\balanceBall\App\Src\emm_v5_protocol.c:117:13:emm_v5_encode_position	24	static
E:\B306\2026\diansai\2026task\stm32\balanceBall\balanceBall\App\Src\emm_v5_protocol.c:140:13:emm_v5_encode_fast_position_setup	32	static
E:\B306\2026\diansai\2026task\stm32\balanceBall\balanceBall\App\Src\emm_v5_protocol.c:160:13:emm_v5_encode_fast_move	24	static
E:\B306\2026\diansai\2026task\stm32\balanceBall\balanceBall\App\Src\emm_v5_protocol.c:173:13:emm_v5_encode_sync_trigger	16	static
E:\B306\2026\diansai\2026task\stm32\balanceBall\balanceBall\App\Src\emm_v5_protocol.c:198:13:emm_v5_encode_position_query	0	static
E:\B306\2026\diansai\2026task\stm32\balanceBall\balanceBall\App\Src\emm_v5_protocol.c:203:13:emm_v5_encode_status_query	0	static
E:\B306\2026\diansai\2026task\stm32\balanceBall\balanceBall\App\Src\emm_v5_protocol.c:208:13:emm_v5_encode_microstep	24	static
E:\B306\2026\diansai\2026task\stm32\balanceBall\balanceBall\App\Src\emm_v5_protocol.c:223:13:emm_v5_encode_stop	24	static
E:\B306\2026\diansai\2026task\stm32\balanceBall\balanceBall\App\Src\emm_v5_protocol.c:237:13:emm_v5_encode_set_zero	24	static
E:\B306\2026\diansai\2026task\stm32\balanceBall\balanceBall\App\Src\emm_v5_protocol.c:251:13:emm_v5_encode_home	24	static
E:\B306\2026\diansai\2026task\stm32\balanceBall\balanceBall\App\Src\emm_v5_protocol.c:269:13:emm_v5_encode_abort_home	16	static
E:\B306\2026\diansai\2026task\stm32\balanceBall\balanceBall\App\Src\emm_v5_protocol.c:281:13:emm_v5_encode_pid_query	0	static
E:\B306\2026\diansai\2026task\stm32\balanceBall\balanceBall\App\Src\emm_v5_protocol.c:310:13:emm_v5_parse_ack	24	static
E:\B306\2026\diansai\2026task\stm32\balanceBall\balanceBall\App\Src\emm_v5_protocol.c:346:13:emm_v5_parse_position	24	static
E:\B306\2026\diansai\2026task\stm32\balanceBall\balanceBall\App\Src\emm_v5_protocol.c:371:13:emm_v5_parse_status	24	static
E:\B306\2026\diansai\2026task\stm32\balanceBall\balanceBall\App\Src\emm_v5_protocol.c:387:13:emm_v5_parse_pid	24	static
